Component: ARM Compiler 6.16 Tool: armlink [5dfeaa00]

==============================================================================

Section Cross References

    startup_stm32f767xx.o(RESET) refers to startup_stm32f767xx.o(STACK) for __initial_sp
    startup_stm32f767xx.o(RESET) refers to startup_stm32f767xx.o(.text) for Reset_Handler
    startup_stm32f767xx.o(RESET) refers to stm32f7xx_it.o(.text.NMI_Handler) for NMI_Handler
    startup_stm32f767xx.o(RESET) refers to stm32f7xx_it.o(.text.HardFault_Handler) for HardFault_Handler
    startup_stm32f767xx.o(RESET) refers to stm32f7xx_it.o(.text.MemManage_Handler) for MemManage_Handler
    startup_stm32f767xx.o(RESET) refers to stm32f7xx_it.o(.text.BusFault_Handler) for BusFault_Handler
    startup_stm32f767xx.o(RESET) refers to stm32f7xx_it.o(.text.UsageFault_Handler) for UsageFault_Handler
    startup_stm32f767xx.o(RESET) refers to stm32f7xx_it.o(.text.SVC_Handler) for SVC_Handler
    startup_stm32f767xx.o(RESET) refers to stm32f7xx_it.o(.text.DebugMon_Handler) for DebugMon_Handler
    startup_stm32f767xx.o(RESET) refers to stm32f7xx_it.o(.text.PendSV_Handler) for PendSV_Handler
    startup_stm32f767xx.o(RESET) refers to stm32f7xx_it.o(.text.SysTick_Handler) for SysTick_Handler
    startup_stm32f767xx.o(RESET) refers to stm32f7xx_it.o(.text.TIM1_UP_TIM10_IRQHandler) for TIM1_UP_TIM10_IRQHandler
    startup_stm32f767xx.o(RESET) refers to tim.o(.text.TIM5_IRQHandler) for TIM5_IRQHandler
    startup_stm32f767xx.o(.text) refers to system_stm32f7xx.o(.text.SystemInit) for SystemInit
    startup_stm32f767xx.o(.text) refers to entry.o(.ARM.Collect$$$$00000000) for __main
    main.o(.text.main) refers to stm32f7xx_hal.o(.text.HAL_Init) for HAL_Init
    main.o(.text.main) refers to main.o(.text.SystemClock_Config) for SystemClock_Config
    main.o(.text.main) refers to usart.o(.text.MX_USART1_UART_Init) for MX_USART1_UART_Init
    main.o(.text.main) refers to usart.o(.text.MX_USART2_UART_Init) for MX_USART2_UART_Init
    main.o(.text.main) refers to gpio.o(.text.MX_GPIO_Init) for MX_GPIO_Init
    main.o(.text.main) refers to tim.o(.text.MX_TIM1_Init) for MX_TIM1_Init
    main.o(.text.main) refers to tim.o(.text.MX_TIM2_Init) for MX_TIM2_Init
    main.o(.text.main) refers to tim.o(.text.MX_TIM5_Init) for MX_TIM5_Init
    main.o(.text.main) refers to tim.o(.text.MX_TIM6_Init) for MX_TIM6_Init
    main.o(.text.main) refers to tim.o(.bss.htim1) for htim1
    main.o(.text.main) refers to stm32f7xx_hal_tim.o(.text.HAL_TIM_Base_Start_IT) for HAL_TIM_Base_Start_IT
    main.o(.text.main) refers to tim.o(.bss.htim2) for htim2
    main.o(.text.main) refers to stm32f7xx_hal_tim.o(.text.HAL_TIM_Base_Start) for HAL_TIM_Base_Start
    main.o(.text.main) refers to tim.o(.bss.htim5) for htim5
    main.o(.text.main) refers to stm32f7xx_hal_tim.o(.text.HAL_TIM_IC_Start_IT) for HAL_TIM_IC_Start_IT
    main.o(.text.main) refers to stm32f7xx_hal_gpio.o(.text.HAL_GPIO_WritePin) for HAL_GPIO_WritePin
    main.o(.text.main) refers to stm32f7xx_hal.o(.text.HAL_Delay) for HAL_Delay
    main.o(.text.main) refers to main.o(.bss.RGB_Scale) for RGB_Scale
    main.o(.text.main) refers to tim.o(.bss.cnt) for cnt
    main.o(.text.main) refers to printfa.o(i.__0printf) for __2printf
    main.o(.text.main) refers to puts.o(i.puts) for puts
    main.o(.text.main) refers to tim.o(.bss.Ultrasonic_us2) for Ultrasonic_us2
    main.o(.text.main) refers to main.o(.data.distance_right_initial) for distance_right_initial
    main.o(.text.main) refers to main.o(.bss.rgb) for rgb
    main.o(.text.main) refers to motor.o(.text.Stop) for Stop
    main.o(.text.main) refers to main.o(.bss.a) for a
    main.o(.text.main) refers to gpio.o(.bss.flag) for flag
    main.o(.text.main) refers to gpio.o(.bss.count) for count
    main.o(.text.main) refers to stm32f7xx_hal_gpio.o(.text.HAL_GPIO_TogglePin) for HAL_GPIO_TogglePin
    main.o(.text.main) refers to stm32f7xx_hal_gpio.o(.text.HAL_GPIO_ReadPin) for HAL_GPIO_ReadPin
    main.o(.text.main) refers to main.o(.bss.KEY1) for KEY1
    main.o(.text.main) refers to main.o(.bss.KEY2) for KEY2
    main.o(.text.main) refers to main.o(.bss.KEY3) for KEY3
    main.o(.text.main) refers to main.o(.bss.KEY4) for KEY4
    main.o(.text.main) refers to main.o(.bss.KEY5) for KEY5
    main.o(.text.main) refers to gpio.o(.text.Sonic_Trig) for Sonic_Trig
    main.o(.text.main) refers to gpio.o(.text.Sonic_Trig1) for Sonic_Trig1
    main.o(.text.main) refers to tim.o(.bss.Ultrasonic_us1) for Ultrasonic_us1
    main.o(.text.main) refers to main.o(.bss.turn_dir) for turn_dir
    main.o(.text.main) refers to main.o(.bss.distance_forward) for distance_forward
    main.o(.text.main) refers to main.o(.bss.distance_right) for distance_right
    main.o(.text.main) refers to main.o(.bss.turn_flag) for turn_flag
    main.o(.text.main) refers to motor.o(.text.Position_PID) for Position_PID
[...]
    ../clib/microlib/init/entry.s            0x00000000   Number         0  entry5.o ABSOLUTE
    ../clib/microlib/init/entry.s            0x00000000   Number         0  entry7a.o ABSOLUTE
    ../clib/microlib/init/entry.s            0x00000000   Number         0  entry7b.o ABSOLUTE
    ../clib/microlib/init/entry.s            0x00000000   Number         0  entry8a.o ABSOLUTE
    ../clib/microlib/init/entry.s            0x00000000   Number         0  entry8b.o ABSOLUTE
    ../clib/microlib/init/entry.s            0x00000000   Number         0  entry9a.o ABSOLUTE
    ../clib/microlib/init/entry.s            0x00000000   Number         0  entry9b.o ABSOLUTE
    ../clib/microlib/init/entry.s            0x00000000   Number         0  entry10a.o ABSOLUTE
    ../clib/microlib/init/entry.s            0x00000000   Number         0  entry10b.o ABSOLUTE
    ../clib/microlib/init/entry.s            0x00000000   Number         0  entry11a.o ABSOLUTE
    ../clib/microlib/init/entry.s            0x00000000   Number         0  entry11b.o ABSOLUTE
    ../clib/microlib/longlong.c              0x00000000   Number         0  llshl.o ABSOLUTE
    ../clib/microlib/longlong.c              0x00000000   Number         0  llushr.o ABSOLUTE
    ../clib/microlib/longlong.c              0x00000000   Number         0  llsshr.o ABSOLUTE
    ../clib/microlib/printf/printf.c         0x00000000   Number         0  printfb.o ABSOLUTE
    ../clib/microlib/printf/printf.c         0x00000000   Number         0  printf0.o ABSOLUTE
    ../clib/microlib/printf/printf.c         0x00000000   Number         0  printf1.o ABSOLUTE
    ../clib/microlib/printf/printf.c         0x00000000   Number         0  printf2.o ABSOLUTE
    ../clib/microlib/printf/printf.c         0x00000000   Number         0  printf3.o ABSOLUTE
    ../clib/microlib/printf/printf.c         0x00000000   Number         0  printf4.o ABSOLUTE
    ../clib/microlib/printf/printf.c         0x00000000   Number         0  printf5.o ABSOLUTE
    ../clib/microlib/printf/printf.c         0x00000000   Number         0  printf6.o ABSOLUTE
    ../clib/microlib/printf/printf.c         0x00000000   Number         0  printf7.o ABSOLUTE
    ../clib/microlib/printf/printf.c         0x00000000   Number         0  printf8.o ABSOLUTE
    ../clib/microlib/printf/printf.c         0x00000000   Number         0  printfa.o ABSOLUTE
    ../clib/microlib/printf/stubs.s          0x00000000   Number         0  printfstubs.o ABSOLUTE
    ../clib/microlib/stdio/puts.c            0x00000000   Number         0  puts.o ABSOLUTE
    ../clib/microlib/stdio/puts.c            0x00000000   Number         0  puts_e.o ABSOLUTE
    ../clib/microlib/stdio/streams.c         0x00000000   Number         0  stdout.o ABSOLUTE
    ../clib/microlib/string/memset.c         0x00000000   Number         0  memseta.o ABSOLUTE
    ../clib/microlib/string/strcat.c         0x00000000   Number         0  strcat.o ABSOLUTE
    ../clib/microlib/string/strlen.c         0x00000000   Number         0  strlen.o ABSOLUTE
    ../clib/microlib/stubs.s                 0x00000000   Number         0  iusefp.o ABSOLUTE
    ../fplib/microlib/fpadd.c                0x00000000   Number         0  dadd.o ABSOLUTE
    ../fplib/microlib/fpdiv.c                0x00000000   Number         0  ddiv.o ABSOLUTE
    ../fplib/microlib/fpepilogue.c           0x00000000   Number         0  depilogue.o ABSOLUTE
    ../fplib/microlib/fpfix.c                0x00000000   Number         0  dfixul.o ABSOLUTE
    ../fplib/microlib/fpmul.c                0x00000000   Number         0  dmul.o ABSOLUTE
    cdrcmple.s                               0x00000000   Number         0  cdrcmple.o ABSOLUTE
    dc.s                                     0x00000000   Number         0  dc.o ABSOLUTE
    gpio.c                                   0x00000000   Number         0  gpio.o ABSOLUTE
    handlers.s                               0x00000000   Number         0  handlers.o ABSOLUTE
    init.s                                   0x00000000   Number         0  init.o ABSOLUTE
    main.c                                   0x00000000   Number         0  main.o ABSOLUTE
    motor.c                                  0x00000000   Number         0  motor.o ABSOLUTE
    startup_stm32f767xx.s                    0x00000000   Number         0  startup_stm32f767xx.o ABSOLUTE
    stm32f7xx_hal.c                          0x00000000   Number         0  stm32f7xx_hal.o ABSOLUTE
    stm32f7xx_hal_cortex.c                   0x00000000   Number         0  stm32f7xx_hal_cortex.o ABSOLUTE
    stm32f7xx_hal_dma.c                      0x00000000   Number         0  stm32f7xx_hal_dma.o ABSOLUTE
    stm32f7xx_hal_dma_ex.c                   0x00000000   Number         0  stm32f7xx_hal_dma_ex.o ABSOLUTE
    stm32f7xx_hal_exti.c                     0x00000000   Number         0  stm32f7xx_hal_exti.o ABSOLUTE
    stm32f7xx_hal_flash.c                    0x00000000   Number         0  stm32f7xx_hal_flash.o ABSOLUTE
    stm32f7xx_hal_flash_ex.c                 0x00000000   Number         0  stm32f7xx_hal_flash_ex.o ABSOLUTE
    stm32f7xx_hal_gpio.c                     0x00000000   Number         0  stm32f7xx_hal_gpio.o ABSOLUTE
    stm32f7xx_hal_i2c.c                      0x00000000   Number         0  stm32f7xx_hal_i2c.o ABSOLUTE
    stm32f7xx_hal_i2c_ex.c                   0x00000000   Number         0  stm32f7xx_hal_i2c_ex.o ABSOLUTE
    stm32f7xx_hal_msp.c                      0x00000000   Number         0  stm32f7xx_hal_msp.o ABSOLUTE
    stm32f7xx_hal_pwr.c                      0x00000000   Number         0  stm32f7xx_hal_pwr.o ABSOLUTE
    stm32f7xx_hal_pwr_ex.c                   0x00000000   Number         0  stm32f7xx_hal_pwr_ex.o ABSOLUTE
    stm32f7xx_hal_rcc.c                      0x00000000   Number         0  stm32f7xx_hal_rcc.o ABSOLUTE
    stm32f7xx_hal_rcc_ex.c                   0x00000000   Number         0  stm32f7xx_hal_rcc_ex.o ABSOLUTE
    stm32f7xx_hal_tim.c                      0x00000000   Number         0  stm32f7xx_hal_tim.o ABSOLUTE
    stm32f7xx_hal_tim_ex.c                   0x00000000   Number         0  stm32f7xx_hal_tim_ex.o ABSOLUTE
    stm32f7xx_hal_uart.c                     0x00000000   Number         0  stm32f7xx_hal_uart.o ABSOLUTE
    stm32f7xx_hal_uart_ex.c                  0x00000000   Number         0  stm32f7xx_hal_uart_ex.o ABSOLUTE
    stm32f7xx_it.c                           0x00000000   Number         0  stm32f7xx_it.o ABSOLUTE
    system_stm32f7xx.c                       0x00000000   Number         0  system_stm32f7xx.o ABSOLUTE
    tim.c                                    0x00000000   Number         0  tim.o ABSOLUTE
    usart.c                                  0x00000000   Number         0  usart.o ABSOLUTE
    RESET                                    0x08000000   Section      504  startup_stm32f767xx.o(RESET)
    .ARM.Collect$$$$00000000                 0x080001f8   Section        0  entry.o(.ARM.Collect$$$$00000000)
    .ARM.Collect$$$$00000001                 0x080001f8   Section        4  entry2.o(.ARM.Collect$$$$00000001)
    .ARM.Collect$$$$00000004                 0x080001fc   Section        4  entry5.o(.ARM.Collect$$$$00000004)
    .ARM.Collect$$$$00000008                 0x08000200   Section        0  entry7b.o(.ARM.Collect$$$$00000008)
    .ARM.Collect$$$$0000000A                 0x08000200   Section        0  entry8b.o(.ARM.Collect$$$$0000000A)
    .ARM.Collect$$$$0000000B                 0x08000200   Section        8  entry9a.o(.ARM.Collect$$$$0000000B)
    __lit__00000000                          0x08000208   Data           4  entry2.o(.ARM.Collect$$$$00002712)
    .ARM.Collect$$$$0000000D                 0x08000208   Section        0  entry10a.o(.ARM.Collect$$$$0000000D)
    .ARM.Collect$$$$0000000F                 0x08000208   Section        0  entry11a.o(.ARM.Collect$$$$0000000F)
    .ARM.Collect$$$$00002712                 0x08000208   Section        4  entry2.o(.ARM.Collect$$$$00002712)
    $v0                                      0x0800020c   Number         0  startup_stm32f767xx.o(.text)
    .text                                    0x0800020c   Section       36  startup_stm32f767xx.o(.text)
    .text                                    0x08000230   Section        0  uldiv.o(.text)
    .text                                    0x08000292   Section        0  memseta.o(.text)
    .text                                    0x080002b6   Section        0  strcat.o(.text)
    .text                                    0x080002ce   Section        0  strlen.o(.text)
    .text                                    0x080002dc   Section        0  uidiv.o(.text)
    .text                                    0x08000308   Section        0  llshl.o(.text)
    .text                                    0x08000326   Section        0  llushr.o(.text)
    .text                                    0x08000346   Section        0  iusefp.o(.text)
    .text                                    0x08000346   Section        0  dadd.o(.text)
    .text                                    0x08000494   Section        0  dmul.o(.text)
    .text                                    0x08000578   Section        0  ddiv.o(.text)
    .text                                    0x08000656   Section        0  dfixul.o(.text)
    .text                                    0x08000688   Section       48  cdrcmple.o(.text)
    .text                                    0x080006b8   Section       36  init.o(.text)
    .text                                    0x080006dc   Section        0  llsshr.o(.text)
    .text                                    0x08000700   Section        0  depilogue.o(.text)
    [Anonymous Symbol]                       0x080007c0   Section        0  stm32f7xx_it.o(.text.BusFault_Handler)
    [Anonymous Symbol]                       0x080007c8   Section        0  motor.o(.text.CarGo)
    [Anonymous Symbol]                       0x080007f8   Section        0  motor.o(.text.CarGo_PID)
    [Anonymous Symbol]                       0x08000888   Section        0  motor.o(.text.CircleL)
    [Anonymous Symbol]                       0x080008c8   Section        0  motor.o(.text.CircleR)
    [Anonymous Symbol]                       0x08000908   Section        0  motor.o(.text.CircleR1)
    [Anonymous Symbol]                       0x08000948   Section        0  stm32f7xx_it.o(.text.DebugMon_Handler)
    [Anonymous Symbol]                       0x08000950   Section        0  tim.o(.text.Delay_us)
    [Anonymous Symbol]                       0x08000980   Section        0  main.o(.text.Error_Handler)
    [Anonymous Symbol]                       0x08000988   Section        0  stm32f7xx_hal.o(.text.HAL_Delay)
    [Anonymous Symbol]                       0x080009b0   Section        0  stm32f7xx_hal_gpio.o(.text.HAL_GPIO_Init)
    [Anonymous Symbol]                       0x08000b48   Section        0  stm32f7xx_hal_gpio.o(.text.HAL_GPIO_ReadPin)
    [Anonymous Symbol]                       0x08000b58   Section        0  stm32f7xx_hal_gpio.o(.text.HAL_GPIO_TogglePin)
    [Anonymous Symbol]                       0x08000b68   Section        0  stm32f7xx_hal_gpio.o(.text.HAL_GPIO_WritePin)
    [Anonymous Symbol]                       0x08000b78   Section        0  stm32f7xx_hal.o(.text.HAL_GetTick)
    [Anonymous Symbol]                       0x08000b88   Section        0  stm32f7xx_hal.o(.text.HAL_IncTick)
    [Anonymous Symbol]                       0x08000ba8   Section        0  stm32f7xx_hal.o(.text.HAL_Init)
    [Anonymous Symbol]                       0x08000bc0   Section        0  stm32f7xx_hal.o(.text.HAL_InitTick)
    [Anonymous Symbol]                       0x08000c10   Section        0  stm32f7xx_hal_msp.o(.text.HAL_MspInit)
    [Anonymous Symbol]                       0x08000c48   Section        0  stm32f7xx_hal_cortex.o(.text.HAL_NVIC_EnableIRQ)
    [Anonymous Symbol]                       0x08000c50   Section        0  stm32f7xx_hal_cortex.o(.text.HAL_NVIC_SetPriority)
    [Anonymous Symbol]                       0x08000c70   Section        0  stm32f7xx_hal_cortex.o(.text.HAL_NVIC_SetPriorityGrouping)
    [Anonymous Symbol]                       0x08000c78   Section        0  stm32f7xx_hal_pwr_ex.o(.text.HAL_PWREx_EnableOverDrive)
    [Anonymous Symbol]                       0x08000cf0   Section        0  stm32f7xx_hal_rcc_ex.o(.text.HAL_RCCEx_PeriphCLKConfig)
    [Anonymous Symbol]                       0x080012b0   Section        0  stm32f7xx_hal_rcc.o(.text.HAL_RCC_ClockConfig)
    [Anonymous Symbol]                       0x08001408   Section        0  stm32f7xx_hal_rcc.o(.text.HAL_RCC_GetHCLKFreq)
    [Anonymous Symbol]                       0x08001418   Section        0  stm32f7xx_hal_rcc.o(.text.HAL_RCC_GetPCLK1Freq)
    [Anonymous Symbol]                       0x08001440   Section        0  stm32f7xx_hal_rcc.o(.text.HAL_RCC_GetPCLK2Freq)
    [Anonymous Symbol]                       0x08001468   Section        0  stm32f7xx_hal_rcc.o(.text.HAL_RCC_GetSysClockFreq)
    [Anonymous Symbol]                       0x080014d8   Section        0  stm32f7xx_hal_rcc.o(.text.HAL_RCC_OscConfig)
    [Anonymous Symbol]                       0x08001828   Section        0  stm32f7xx_hal_cortex.o(.text.HAL_SYSTICK_Config)
    [Anonymous Symbol]                       0x08001830   Section        0  stm32f7xx_hal_tim_ex.o(.text.HAL_TIMEx_Break2Callback)
    [Anonymous Symbol]                       0x08001838   Section        0  stm32f7xx_hal_tim_ex.o(.text.HAL_TIMEx_BreakCallback)
    [Anonymous Symbol]                       0x08001840   Section        0  stm32f7xx_hal_tim_ex.o(.text.HAL_TIMEx_CommutCallback)
    [Anonymous Symbol]                       0x08001848   Section        0  stm32f7xx_hal_tim_ex.o(.text.HAL_TIMEx_MasterConfigSynchronization)
    [Anonymous Symbol]                       0x08001918   Section        0  stm32f7xx_hal_tim.o(.text.HAL_TIM_Base_Init)
    [Anonymous Symbol]                       0x08001978   Section        0  tim.o(.text.HAL_TIM_Base_MspInit)
    [Anonymous Symbol]                       0x08001ad0   Section        0  stm32f7xx_hal_tim.o(.text.HAL_TIM_Base_Start)
    [Anonymous Symbol]                       0x08001b80   Section        0  stm32f7xx_hal_tim.o(.text.HAL_TIM_Base_Start_IT)
    [Anonymous Symbol]                       0x08001c38   Section        0  stm32f7xx_hal_tim.o(.text.HAL_TIM_Base_Stop)
    [Anonymous Symbol]                       0x08001c68   Section        0  stm32f7xx_hal_tim.o(.text.HAL_TIM_ConfigClockSource)
    [Anonymous Symbol]                       0x08001d40   Section        0  tim.o(.text.HAL_TIM_IC_CaptureCallback)
    [Anonymous Symbol]                       0x08001ea8   Section        0  stm32f7xx_hal_tim.o(.text.HAL_TIM_IC_ConfigChannel)
    [Anonymous Symbol]                       0x08001f40   Section        0  stm32f7xx_hal_tim.o(.text.HAL_TIM_IC_Init)
    [Anonymous Symbol]                       0x08001fa0   Section        0  stm32f7xx_hal_tim.o(.text.HAL_TIM_IC_MspInit)
    [Anonymous Symbol]                       0x08001fa8   Section        0  stm32f7xx_hal_tim.o(.text.HAL_TIM_IC_Start_IT)
    [Anonymous Symbol]                       0x08002140   Section        0  stm32f7xx_hal_tim.o(.text.HAL_TIM_IRQHandler)
    [Anonymous Symbol]                       0x080022c8   Section        0  stm32f7xx_hal_tim.o(.text.HAL_TIM_OC_DelayElapsedCallback)
    [Anonymous Symbol]                       0x080022d0   Section        0  stm32f7xx_hal_tim.o(.text.HAL_TIM_PWM_PulseFinishedCallback)
    [Anonymous Symbol]                       0x080022d8   Section        0  tim.o(.text.HAL_TIM_PeriodElapsedCallback)
    [Anonymous Symbol]                       0x080023e0   Section        0  stm32f7xx_hal_tim.o(.text.HAL_TIM_ReadCapturedValue)
    [Anonymous Symbol]                       0x08002418   Section        0  stm32f7xx_hal_tim.o(.text.HAL_TIM_SlaveConfigSynchro)
    [Anonymous Symbol]                       0x08002468   Section        0  stm32f7xx_hal_tim.o(.text.HAL_TIM_TriggerCallback)
    [Anonymous Symbol]                       0x08002470   Section        0  stm32f7xx_hal_uart.o(.text.HAL_UART_Init)
    [Anonymous Symbol]                       0x080024d0   Section        0  usart.o(.text.HAL_UART_MspInit)
    [Anonymous Symbol]                       0x08002580   Section        0  stm32f7xx_hal_uart.o(.text.HAL_UART_Transmit)
    [Anonymous Symbol]                       0x08002658   Section        0  stm32f7xx_it.o(.text.HardFault_Handler)
    [Anonymous Symbol]                       0x08002660   Section        0  gpio.o(.text.MX_GPIO_Init)
    [Anonymous Symbol]                       0x080027b8   Section        0  tim.o(.text.MX_TIM1_Init)
    [Anonymous Symbol]                       0x08002838   Section        0  tim.o(.text.MX_TIM2_Init)
    [Anonymous Symbol]                       0x080028b8   Section        0  tim.o(.text.MX_TIM5_Init)
    [Anonymous Symbol]                       0x08002980   Section        0  tim.o(.text.MX_TIM6_Init)
    [Anonymous Symbol]                       0x080029d8   Section        0  usart.o(.text.MX_USART1_UART_Init)
    [Anonymous Symbol]                       0x08002a18   Section        0  usart.o(.text.MX_USART2_UART_Init)
    [Anonymous Symbol]                       0x08002a58   Section        0  stm32f7xx_it.o(.text.MemManage_Handler)
    [Anonymous Symbol]                       0x08002a60   Section        0  usart.o(.text.Motor_GO)
    [Anonymous Symbol]                       0x08002b68   Section        0  usart.o(.text.Motor_Rotate)
    [Anonymous Symbol]                       0x08002ca8   Section        0  stm32f7xx_it.o(.text.NMI_Handler)
    NVIC_EncodePriority                      0x08002cb1   Thumb Code    46  stm32f7xx_hal_cortex.o(.text.NVIC_EncodePriority)
    [Anonymous Symbol]                       0x08002cb0   Section        0  stm32f7xx_hal_cortex.o(.text.NVIC_EncodePriority)
    [Anonymous Symbol]                       0x08002ce0   Section        0  stm32f7xx_it.o(.text.PendSV_Handler)
    [Anonymous Symbol]                       0x08002ce8   Section        0  motor.o(.text.Position_PID)
    [Anonymous Symbol]                       0x08002d50   Section        0  stm32f7xx_it.o(.text.SVC_Handler)
    [Anonymous Symbol]                       0x08002d58   Section        0  gpio.o(.text.Sonic_Trig)
    [Anonymous Symbol]                       0x08002d80   Section        0  gpio.o(.text.Sonic_Trig1)
    [Anonymous Symbol]                       0x08002da8   Section        0  motor.o(.text.Stop)
    SysTick_Config                           0x08002de1   Thumb Code    46  stm32f7xx_hal_cortex.o(.text.SysTick_Config)
    [Anonymous Symbol]                       0x08002de0   Section        0  stm32f7xx_hal_cortex.o(.text.SysTick_Config)
    [Anonymous Symbol]                       0x08002e10   Section        0  stm32f7xx_it.o(.text.SysTick_Handler)
    [Anonymous Symbol]                       0x08002e18   Section        0  main.o(.text.SystemClock_Config)
    [Anonymous Symbol]                       0x08002ec8   Section        0  system_stm32f7xx.o(.text.SystemInit)
    [Anonymous Symbol]                       0x08002ee0   Section        0  gpio.o(.text.TCS_Next)
    [Anonymous Symbol]                       0x08002f08   Section        0  stm32f7xx_it.o(.text.TIM1_UP_TIM10_IRQHandler)
    [Anonymous Symbol]                       0x08002f18   Section        0  tim.o(.text.TIM5_IRQHandler)
    [Anonymous Symbol]                       0x08002f28   Section        0  stm32f7xx_hal_tim.o(.text.TIM_Base_SetConfig)
    [Anonymous Symbol]                       0x08003050   Section        0  stm32f7xx_hal_tim.o(.text.TIM_CCxChannelCmd)
    [Anonymous Symbol]                       0x08003070   Section        0  stm32f7xx_hal_tim.o(.text.TIM_ETR_SetConfig)
    TIM_ITRx_SetConfig                       0x08003089   Thumb Code    16  stm32f7xx_hal_tim.o(.text.TIM_ITRx_SetConfig)
    [Anonymous Symbol]                       0x08003088   Section        0  stm32f7xx_hal_tim.o(.text.TIM_ITRx_SetConfig)
    TIM_SlaveTimer_SetConfig                 0x08003099   Thumb Code   140  stm32f7xx_hal_tim.o(.text.TIM_SlaveTimer_SetConfig)
    [Anonymous Symbol]                       0x08003098   Section        0  stm32f7xx_hal_tim.o(.text.TIM_SlaveTimer_SetConfig)
    TIM_TI1_ConfigInputStage                 0x08003129   Thumb Code    34  stm32f7xx_hal_tim.o(.text.TIM_TI1_ConfigInputStage)
    [Anonymous Symbol]                       0x08003128   Section        0  stm32f7xx_hal_tim.o(.text.TIM_TI1_ConfigInputStage)
    [Anonymous Symbol]                       0x08003150   Section        0  stm32f7xx_hal_tim.o(.text.TIM_TI1_SetConfig)
    TIM_TI2_ConfigInputStage                 0x080031f9   Thumb Code    36  stm32f7xx_hal_tim.o(.text.TIM_TI2_ConfigInputStage)
    [Anonymous Symbol]                       0x080031f8   Section        0  stm32f7xx_hal_tim.o(.text.TIM_TI2_ConfigInputStage)
    TIM_TI2_SetConfig                        0x08003221   Thumb Code    58  stm32f7xx_hal_tim.o(.text.TIM_TI2_SetConfig)
    [Anonymous Symbol]                       0x08003220   Section        0  stm32f7xx_hal_tim.o(.text.TIM_TI2_SetConfig)
    TIM_TI3_SetConfig                        0x08003261   Thumb Code    52  stm32f7xx_hal_tim.o(.text.TIM_TI3_SetConfig)
    [Anonymous Symbol]                       0x08003260   Section        0  stm32f7xx_hal_tim.o(.text.TIM_TI3_SetConfig)
    TIM_TI4_SetConfig                        0x08003299   Thumb Code    58  stm32f7xx_hal_tim.o(.text.TIM_TI4_SetConfig)
    [Anonymous Symbol]                       0x08003298   Section        0  stm32f7xx_hal_tim.o(.text.TIM_TI4_SetConfig)
    [Anonymous Symbol]                       0x080032d8   Section        0  usart.o(.text.UART2_Send)
    [Anonymous Symbol]                       0x08003310   Section        0  stm32f7xx_hal_uart.o(.text.UART_AdvFeatureConfig)
    [Anonymous Symbol]                       0x080033f0   Section        0  stm32f7xx_hal_uart.o(.text.UART_CheckIdleState)
    [Anonymous Symbol]                       0x08003458   Section        0  stm32f7xx_hal_uart.o(.text.UART_SetConfig)
    [Anonymous Symbol]                       0x080036a0   Section        0  stm32f7xx_hal_uart.o(.text.UART_WaitOnFlagUntilTimeout)
    [Anonymous Symbol]                       0x08003750   Section        0  stm32f7xx_it.o(.text.UsageFault_Handler)
    __NVIC_EnableIRQ                         0x08003759   Thumb Code    32  stm32f7xx_hal_cortex.o(.text.__NVIC_EnableIRQ)
    [Anonymous Symbol]                       0x08003758   Section        0  stm32f7xx_hal_cortex.o(.text.__NVIC_EnableIRQ)
    __NVIC_GetPriorityGrouping               0x08003779   Thumb Code    16  stm32f7xx_hal_cortex.o(.text.__NVIC_GetPriorityGrouping)
    [Anonymous Symbol]                       0x08003778   Section        0  stm32f7xx_hal_cortex.o(.text.__NVIC_GetPriorityGrouping)
    __NVIC_SetPriority                       0x08003789   Thumb Code    34  stm32f7xx_hal_cortex.o(.text.__NVIC_SetPriority)
    [Anonymous Symbol]                       0x08003788   Section        0  stm32f7xx_hal_cortex.o(.text.__NVIC_SetPriority)
    __NVIC_SetPriorityGrouping               0x080037b1   Thumb Code    32  stm32f7xx_hal_cortex.o(.text.__NVIC_SetPriorityGrouping)
    [Anonymous Symbol]                       0x080037b0   Section        0  stm32f7xx_hal_cortex.o(.text.__NVIC_SetPriorityGrouping)
    [Anonymous Symbol]                       0x080037d0   Section        0  gpio.o(.text.filter)
    [Anonymous Symbol]                       0x08003850   Section        0  usart.o(.text.fputc)
    [Anonymous Symbol]                       0x08003880   Section        0  main.o(.text.main)
    __arm_cp.0_16                            0x08003d2c   Number         4  main.o(.text.main)
    __arm_cp.0_17                            0x08003d30   Number         4  main.o(.text.main)
    [Anonymous Symbol]                       0x08003ee0   Section        0  usart.o(.text.myitoa)
    i.__0printf                              0x08003f4c   Section        0  printfa.o(i.__0printf)
    i.__scatterload_copy                     0x08003f6c   Section       14  handlers.o(i.__scatterload_copy)
    i.__scatterload_null                     0x08003f7a   Section        2  handlers.o(i.__scatterload_null)
    i.__scatterload_zeroinit                 0x08003f7c   Section       14  handlers.o(i.__scatterload_zeroinit)
    _fp_digits                               0x08003f8d   Thumb Code   366  printfa.o(i._fp_digits)
    i._fp_digits                             0x08003f8c   Section        0  printfa.o(i._fp_digits)
    _printf_core                             0x08004111   Thumb Code  1744  printfa.o(i._printf_core)
    i._printf_core                           0x08004110   Section        0  printfa.o(i._printf_core)
    _printf_post_padding                     0x080047ed   Thumb Code    36  printfa.o(i._printf_post_padding)
    i._printf_post_padding                   0x080047ec   Section        0  printfa.o(i._printf_post_padding)
    _printf_pre_padding                      0x08004811   Thumb Code    46  printfa.o(i._printf_pre_padding)
    i._printf_pre_padding                    0x08004810   Section        0  printfa.o(i._printf_pre_padding)
    i.puts                                   0x08004840   Section        0  puts.o(i.puts)
    .L.str.8                                 0x0800487c   Data           3  usart.o(.rodata.str1.1)
    [Anonymous Symbol]                       0x0800487c   Section        0  usart.o(.rodata.str1.1)
    .data                                    0x20000000   Section        4  stdout.o(.data)
    Position_PID.Integral_bias               0x20000030   Data           4  motor.o(.bss.Position_PID.Integral_bias)
    [Anonymous Symbol]                       0x20000030   Section        0  motor.o(.bss.Position_PID.Integral_bias)
    Position_PID.Last_Bias                   0x20000034   Data           4  motor.o(.bss.Position_PID.Last_Bias)
    [Anonymous Symbol]                       0x20000034   Section        0  motor.o(.bss.Position_PID.Last_Bias)
    STACK                                    0x200002e0   Section     1024  startup_stm32f767xx.o(STACK)

    Global Symbols

    Symbol Name                              Value     Ov Type        Size  Object(Section)

    BuildAttributes$$THM_ISAv4$E$P$D$K$B$S$7EM$VFPv5_D16$PE$PLD8$A:L22UL41UL21$X:L11$S22US41US21$IEEE1$IW$~IW$USESV6$~STKCKD$USESV7$~SHL$OTIME$ROPI$EBA8$MICROLIB$REQ8$PRES8$EABIv2 0x00000000   Number         0  anon$$obj.o ABSOLUTE
    _printf_a                                0x00000000   Number         0  printfstubs.o ABSOLUTE
    _printf_c                                0x00000000   Number         0  printfstubs.o ABSOLUTE
    _printf_charcount                        0x00000000   Number         0  printfstubs.o ABSOLUTE
    _printf_d                                0x00000000   Number         0  printfstubs.o ABSOLUTE
    _printf_e                                0x00000000   Number         0  printfstubs.o ABSOLUTE
    _printf_f                                0x00000000   Number         0  printfstubs.o ABSOLUTE
    _printf_flags                            0x00000000   Number         0  printfstubs.o ABSOLUTE
    _printf_fp_dec                           0x00000000   Number         0  printfstubs.o ABSOLUTE
    _printf_fp_hex                           0x00000000   Number         0  printfstubs.o ABSOLUTE
    _printf_g                                0x00000000   Number         0  printfstubs.o ABSOLUTE
    _printf_i                                0x00000000   Number         0  printfstubs.o ABSOLUTE
    _printf_int_dec                          0x00000000   Number         0  printfstubs.o ABSOLUTE
    _printf_l                                0x00000000   Number         0  printfstubs.o ABSOLUTE
    _printf_lc                               0x00000000   Number         0  printfstubs.o ABSOLUTE
    _printf_ll                               0x00000000   Number         0  printfstubs.o ABSOLUTE
    _printf_lld                              0x00000000   Number         0  printfstubs.o ABSOLUTE
    _printf_lli                              0x00000000   Number         0  printfstubs.o ABSOLUTE
    _printf_llo                              0x00000000   Number         0  printfstubs.o ABSOLUTE
    _printf_llu                              0x00000000   Number         0  printfstubs.o ABSOLUTE
    _printf_llx                              0x00000000   Number         0  printfstubs.o ABSOLUTE
    _printf_longlong_dec                     0x00000000   Number         0  printfstubs.o ABSOLUTE
    _printf_longlong_hex                     0x00000000   Number         0  printfstubs.o ABSOLUTE
    _printf_longlong_oct                     0x00000000   Number         0  printfstubs.o ABSOLUTE
    _printf_ls                               0x00000000   Number         0  printfstubs.o ABSOLUTE
    _printf_mbtowc                           0x00000000   Number         0  printfstubs.o ABSOLUTE
    _printf_n                                0x00000000   Number         0  printfstubs.o ABSOLUTE
    _printf_o                                0x00000000   Number         0  printfstubs.o ABSOLUTE
    _printf_p                                0x00000000   Number         0  printfstubs.o ABSOLUTE
    _printf_percent                          0x00000000   Number         0  printfstubs.o ABSOLUTE
    _printf_pre_padding                      0x00000000   Number         0  printfstubs.o ABSOLUTE
    _printf_return_value                     0x00000000   Number         0  printfstubs.o ABSOLUTE
    _printf_s                                0x00000000   Number         0  printfstubs.o ABSOLUTE
    _printf_sizespec                         0x00000000   Number         0  printfstubs.o ABSOLUTE
    _printf_str                              0x00000000   Number         0  printfstubs.o ABSOLUTE
    _printf_truncate_signed                  0x00000000   Number         0  printfstubs.o ABSOLUTE
    _printf_truncate_unsigned                0x00000000   Number         0  printfstubs.o ABSOLUTE
    _printf_u                                0x00000000   Number         0  printfstubs.o ABSOLUTE
    _printf_wc                               0x00000000   Number         0  printfstubs.o ABSOLUTE
    _printf_wctomb                           0x00000000   Number         0  printfstubs.o ABSOLUTE
    _printf_widthprec                        0x00000000   Number         0  printfstubs.o ABSOLUTE
    _printf_x                                0x00000000   Number         0  printfstubs.o ABSOLUTE
    __cpp_initialize__aeabi_                  - Undefined Weak Reference
    __cxa_finalize                            - Undefined Weak Reference
    __decompress                              - Undefined Weak Reference
    _clock_init                               - Undefined Weak Reference
    _microlib_exit                            - Undefined Weak Reference
    __Vectors_Size                           0x000001f8   Number         0  startup_stm32f767xx.o ABSOLUTE
    __Vectors                                0x08000000   Data           4  startup_stm32f767xx.o(RESET)
    __Vectors_End                            0x080001f8   Data           0  startup_stm32f767xx.o(RESET)
    __main                                   0x080001f9   Thumb Code     0  entry.o(.ARM.Collect$$$$00000000)
    _main_stk                                0x080001f9   Thumb Code     0  entry2.o(.ARM.Collect$$$$00000001)
    _main_scatterload                        0x080001fd   Thumb Code     0  entry5.o(.ARM.Collect$$$$00000004)
    __main_after_scatterload                 0x08000201   Thumb Code     0  entry5.o(.ARM.Collect$$$$00000004)
    _main_clock                              0x08000201   Thumb Code     0  entry7b.o(.ARM.Collect$$$$00000008)
    _main_cpp_init                           0x08000201   Thumb Code     0  entry8b.o(.ARM.Collect$$$$0000000A)
    _main_init                               0x08000201   Thumb Code     0  entry9a.o(.ARM.Collect$$$$0000000B)
    __rt_final_cpp                           0x08000209   Thumb Code     0  entry10a.o(.ARM.Collect$$$$0000000D)
    __rt_final_exit                          0x08000209   Thumb Code     0  entry11a.o(.ARM.Collect$$$$0000000F)
    Reset_Handler                            0x0800020d   Thumb Code     8  startup_stm32f767xx.o(.text)
    ADC_IRQHandler                           0x08000227   Thumb Code     0  startup_stm32f767xx.o(.text)
    CAN1_RX0_IRQHandler                      0x08000227   Thumb Code     0  startup_stm32f767xx.o(.text)
    CAN1_RX1_IRQHandler                      0x08000227   Thumb Code     0  startup_stm32f767xx.o(.text)
    CAN1_SCE_IRQHandler                      0x08000227   Thumb Code     0  startup_stm32f767xx.o(.text)
    CAN1_TX_IRQHandler                       0x08000227   Thumb Code     0  startup_stm32f767xx.o(.text)
    CAN2_RX0_IRQHandler                      0x08000227   Thumb Code     0  startup_stm32f767xx.o(.text)
    CAN2_RX1_IRQHandler                      0x08000227   Thumb Code     0  startup_stm32f767xx.o(.text)
    CAN2_SCE_IRQHandler                      0x08000227   Thumb Code     0  startup_stm32f767xx.o(.text)
    CAN2_TX_IRQHandler                       0x08000227   Thumb Code     0  startup_stm32f767xx.o(.text)
    CAN3_RX0_IRQHandler                      0x08000227   Thumb Code     0  startup_stm32f767xx.o(.text)
    CAN3_RX1_IRQHandler                      0x08000227   Thumb Code     0  startup_stm32f767xx.o(.text)
    CAN3_SCE_IRQHandler                      0x08000227   Thumb Code     0  startup_stm32f767xx.o(.text)
    CAN3_TX_IRQHandler                       0x08000227   Thumb Code     0  startup_stm32f767xx.o(.text)
    CEC_IRQHandler                           0x08000227   Thumb Code     0  startup_stm32f767xx.o(.text)
    DCMI_IRQHandler                          0x08000227   Thumb Code     0  startup_stm32f767xx.o(.text)
    DFSDM1_FLT0_IRQHandler                   0x08000227   Thumb Code     0  startup_stm32f767xx.o(.text)
    DFSDM1_FLT1_IRQHandler                   0x08000227   Thumb Code     0  startup_stm32f767xx.o(.text)
    DFSDM1_FLT2_IRQHandler                   0x08000227   Thumb Code     0  startup_stm32f767xx.o(.text)
    DFSDM1_FLT3_IRQHandler                   0x08000227   Thumb Code     0  startup_stm32f767xx.o(.text)
    DMA1_Stream0_IRQHandler                  0x08000227   Thumb Code     0  startup_stm32f767xx.o(.text)
    DMA1_Stream1_IRQHandler                  0x08000227   Thumb Code     0  startup_stm32f767xx.o(.text)
    DMA1_Stream2_IRQHandler                  0x08000227   Thumb Code     0  startup_stm32f767xx.o(.text)
    DMA1_Stream3_IRQHandler                  0x08000227   Thumb Code     0  startup_stm32f767xx.o(.text)
    DMA1_Stream4_IRQHandler                  0x08000227   Thumb Code     0  startup_stm32f767xx.o(.text)
    DMA1_Stream5_IRQHandler                  0x08000227   Thumb Code     0  startup_stm32f767xx.o(.text)
    DMA1_Stream6_IRQHandler                  0x08000227   Thumb Code     0  startup_stm32f767xx.o(.text)
    DMA1_Stream7_IRQHandler                  0x08000227   Thumb Code     0  startup_stm32f767xx.o(.text)
    DMA2D_IRQHandler                         0x08000227   Thumb Code     0  startup_stm32f767xx.o(.text)
    DMA2_Stream0_IRQHandler                  0x08000227   Thumb Code     0  startup_stm32f767xx.o(.text)
    DMA2_Stream1_IRQHandler                  0x08000227   Thumb Code     0  startup_stm32f767xx.o(.text)
    DMA2_Stream2_IRQHandler                  0x08000227   Thumb Code     0  startup_stm32f767xx.o(.text)
    DMA2_Stream3_IRQHandler                  0x08000227   Thumb Code     0  startup_stm32f767xx.o(.text)
    DMA2_Stream4_IRQHandler                  0x08000227   Thumb Code     0  startup_stm32f767xx.o(.text)
    DMA2_Stream5_IRQHandler                  0x08000227   Thumb Code     0  startup_stm32f767xx.o(.text)
    DMA2_Stream6_IRQHandler                  0x08000227   Thumb Code     0  startup_stm32f767xx.o(.text)
    DMA2_Stream7_IRQHandler                  0x08000227   Thumb Code     0  startup_stm32f767xx.o(.text)
    ETH_IRQHandler                           0x08000227   Thumb Code     0  startup_stm32f767xx.o(.text)
    ETH_WKUP_IRQHandler                      0x08000227   Thumb Code     0  startup_stm32f767xx.o(.text)
    EXTI0_IRQHandler                         0x08000227   Thumb Code     0  startup_stm32f767xx.o(.text)
    EXTI15_10_IRQHandler                     0x08000227   Thumb Code     0  startup_stm32f767xx.o(.text)
    EXTI1_IRQHandler                         0x08000227   Thumb Code     0  startup_stm32f767xx.o(.text)
    EXTI2_IRQHandler                         0x08000227   Thumb Code     0  startup_stm32f767xx.o(.text)
    EXTI3_IRQHandler                         0x08000227   Thumb Code     0  startup_stm32f767xx.o(.text)
    EXTI4_IRQHandler                         0x08000227   Thumb Code     0  startup_stm32f767xx.o(.text)
    EXTI9_5_IRQHandler                       0x08000227   Thumb Code     0  startup_stm32f767xx.o(.text)
    FLASH_IRQHandler                         0x08000227   Thumb Code     0  startup_stm32f767xx.o(.text)
    FMC_IRQHandler                           0x08000227   Thumb Code     0  startup_stm32f767xx.o(.text)
    FPU_IRQHandler                           0x08000227   Thumb Code     0  startup_stm32f767xx.o(.text)
    I2C1_ER_IRQHandler                       0x08000227   Thumb Code     0  startup_stm32f767xx.o(.text)
    I2C1_EV_IRQHandler                       0x08000227   Thumb Code     0  startup_stm32f767xx.o(.text)
    I2C2_ER_IRQHandler                       0x08000227   Thumb Code     0  startup_stm32f767xx.o(.text)
    I2C2_EV_IRQHandler                       0x08000227   Thumb Code     0  startup_stm32f767xx.o(.text)
    I2C3_ER_IRQHandler                       0x08000227   Thumb Code     0  startup_stm32f767xx.o(.text)
    I2C3_EV_IRQHandler                       0x08000227   Thumb Code     0  startup_stm32f767xx.o(.text)
    I2C4_ER_IRQHandler                       0x08000227   Thumb Code     0  startup_stm32f767xx.o(.text)
    I2C4_EV_IRQHandler                       0x08000227   Thumb Code     0  startup_stm32f767xx.o(.text)
    JPEG_IRQHandler                          0x08000227   Thumb Code     0  startup_stm32f767xx.o(.text)
    LPTIM1_IRQHandler                        0x08000227   Thumb Code     0  startup_stm32f767xx.o(.text)
    LTDC_ER_IRQHandler                       0x08000227   Thumb Code     0  startup_stm32f767xx.o(.text)
    LTDC_IRQHandler                          0x08000227   Thumb Code     0  startup_stm32f767xx.o(.text)
    MDIOS_IRQHandler                         0x08000227   Thumb Code     0  startup_stm32f767xx.o(.text)
    OTG_FS_IRQHandler                        0x08000227   Thumb Code     0  startup_stm32f767xx.o(.text)
    OTG_FS_WKUP_IRQHandler                   0x08000227   Thumb Code     0  startup_stm32f767xx.o(.text)
    OTG_HS_EP1_IN_IRQHandler                 0x08000227   Thumb Code     0  startup_stm32f767xx.o(.text)
    OTG_HS_EP1_OUT_IRQHandler                0x08000227   Thumb Code     0  startup_stm32f767xx.o(.text)
    OTG_HS_IRQHandler                        0x08000227   Thumb Code     0  startup_stm32f767xx.o(.text)
    OTG_HS_WKUP_IRQHandler                   0x08000227   Thumb Code     0  startup_stm32f767xx.o(.text)
    PVD_IRQHandler                           0x08000227   Thumb Code     0  startup_stm32f767xx.o(.text)
    QUADSPI_IRQHandler                       0x08000227   Thumb Code     0  startup_stm32f767xx.o(.text)
    RCC_IRQHandler                           0x08000227   Thumb Code     0  startup_stm32f767xx.o(.text)
    RNG_IRQHandler                           0x08000227   Thumb Code     0  startup_stm32f767xx.o(.text)
    RTC_Alarm_IRQHandler                     0x08000227   Thumb Code     0  startup_stm32f767xx.o(.text)
    RTC_WKUP_IRQHandler                      0x08000227   Thumb Code     0  startup_stm32f767xx.o(.text)
    SAI1_IRQHandler                          0x08000227   Thumb Code     0  startup_stm32f767xx.o(.text)
    SAI2_IRQHandler                          0x08000227   Thumb Code     0  startup_stm32f767xx.o(.text)
    SDMMC1_IRQHandler                        0x08000227   Thumb Code     0  startup_stm32f767xx.o(.text)
    SDMMC2_IRQHandler                        0x08000227   Thumb Code     0  startup_stm32f767xx.o(.text)
    SPDIF_RX_IRQHandler                      0x08000227   Thumb Code     0  startup_stm32f767xx.o(.text)
    SPI1_IRQHandler                          0x08000227   Thumb Code     0  startup_stm32f767xx.o(.text)
    SPI2_IRQHandler                          0x08000227   Thumb Code     0  startup_stm32f767xx.o(.text)
    SPI3_IRQHandler                          0x08000227   Thumb Code     0  startup_stm32f767xx.o(.text)
    SPI4_IRQHandler                          0x08000227   Thumb Code     0  startup_stm32f767xx.o(.text)
    SPI5_IRQHandler                          0x08000227   Thumb Code     0  startup_stm32f767xx.o(.text)
    SPI6_IRQHandler                          0x08000227   Thumb Code     0  startup_stm32f767xx.o(.text)
    TAMP_STAMP_IRQHandler                    0x08000227   Thumb Code     0  startup_stm32f767xx.o(.text)
    TIM1_BRK_TIM9_IRQHandler                 0x08000227   Thumb Code     0  startup_stm32f767xx.o(.text)
    TIM1_CC_IRQHandler                       0x08000227   Thumb Code     0  startup_stm32f767xx.o(.text)
    TIM1_TRG_COM_TIM11_IRQHandler            0x08000227   Thumb Code     0  startup_stm32f767xx.o(.text)
    TIM2_IRQHandler                          0x08000227   Thumb Code     0  startup_stm32f767xx.o(.text)
    TIM3_IRQHandler                          0x08000227   Thumb Code     0  startup_stm32f767xx.o(.text)
    TIM4_IRQHandler                          0x08000227   Thumb Code     0  startup_stm32f767xx.o(.text)
    TIM6_DAC_IRQHandler                      0x08000227   Thumb Code     0  startup_stm32f767xx.o(.text)
    TIM7_IRQHandler                          0x08000227   Thumb Code     0  startup_stm32f767xx.o(.text)
    TIM8_BRK_TIM12_IRQHandler                0x08000227   Thumb Code     0  startup_stm32f767xx.o(.text)
    TIM8_CC_IRQHandler                       0x08000227   Thumb Code     0  startup_stm32f767xx.o(.text)
    TIM8_TRG_COM_TIM14_IRQHandler            0x08000227   Thumb Code     0  startup_stm32f767xx.o(.text)
    TIM8_UP_TIM13_IRQHandler                 0x08000227   Thumb Code     0  startup_stm32f767xx.o(.text)
    UART4_IRQHandler                         0x08000227   Thumb Code     0  startup_stm32f767xx.o(.text)
    UART5_IRQHandler                         0x08000227   Thumb Code     0  startup_stm32f767xx.o(.text)
    UART7_IRQHandler                         0x08000227   Thumb Code     0  startup_stm32f767xx.o(.text)
    UART8_IRQHandler                         0x08000227   Thumb Code     0  startup_stm32f767xx.o(.text)
    USART1_IRQHandler                        0x08000227   Thumb Code     0  startup_stm32f767xx.o(.text)
    USART2_IRQHandler                        0x08000227   Thumb Code     0  startup_stm32f767xx.o(.text)
    USART3_IRQHandler                        0x08000227   Thumb Code     0  startup_stm32f767xx.o(.text)
    USART6_IRQHandler                        0x08000227   Thumb Code     0  startup_stm32f767xx.o(.text)
    WWDG_IRQHandler                          0x08000227   Thumb Code     0  startup_stm32f767xx.o(.text)
    __aeabi_uldivmod                         0x08000231   Thumb Code    98  uldiv.o(.text)
    __aeabi_memset                           0x08000293   Thumb Code    14  memseta.o(.text)
    __aeabi_memset4                          0x08000293   Thumb Code     0  memseta.o(.text)
    __aeabi_memset8                          0x08000293   Thumb Code     0  memseta.o(.text)
    __aeabi_memclr                           0x080002a1   Thumb Code     4  memseta.o(.text)
    __aeabi_memclr4                          0x080002a1   Thumb Code     0  memseta.o(.text)
    __aeabi_memclr8                          0x080002a1   Thumb Code     0  memseta.o(.text)
    _memset$wrapper                          0x080002a5   Thumb Code    18  memseta.o(.text)
    strcat                                   0x080002b7   Thumb Code    24  strcat.o(.text)
    strlen                                   0x080002cf   Thumb Code    14  strlen.o(.text)
    __aeabi_uidiv                            0x080002dd   Thumb Code     0  uidiv.o(.text)
    __aeabi_uidivmod                         0x080002dd   Thumb Code    44  uidiv.o(.text)
    __aeabi_llsl                             0x08000309   Thumb Code    30  llshl.o(.text)
    _ll_shift_l                              0x08000309   Thumb Code     0  llshl.o(.text)
    __aeabi_llsr                             0x08000327   Thumb Code    32  llushr.o(.text)
    _ll_ushift_r                             0x08000327   Thumb Code     0  llushr.o(.text)
    __I$use$fp                               0x08000347   Thumb Code     0  iusefp.o(.text)
    __aeabi_dadd                             0x08000347   Thumb Code   322  dadd.o(.text)
    __aeabi_dsub                             0x08000489   Thumb Code     6  dadd.o(.text)
    __aeabi_drsub                            0x0800048f   Thumb Code     6  dadd.o(.text)
    __aeabi_dmul                             0x08000495   Thumb Code   228  dmul.o(.text)
    __aeabi_ddiv                             0x08000579   Thumb Code   222  ddiv.o(.text)
    __aeabi_d2ulz                            0x08000657   Thumb Code    48  dfixul.o(.text)
    __aeabi_cdrcmple                         0x08000689   Thumb Code    48  cdrcmple.o(.text)
    __scatterload                            0x080006b9   Thumb Code    28  init.o(.text)
    __scatterload_rt2                        0x080006b9   Thumb Code     0  init.o(.text)
    __aeabi_lasr                             0x080006dd   Thumb Code    36  llsshr.o(.text)
    _ll_sshift_r                             0x080006dd   Thumb Code     0  llsshr.o(.text)
    _double_round                            0x08000701   Thumb Code    30  depilogue.o(.text)
    _double_epilogue                         0x0800071f   Thumb Code   156  depilogue.o(.text)
    BusFault_Handler                         0x080007c1   Thumb Code     2  stm32f7xx_it.o(.text.BusFault_Handler)
    CarGo                                    0x080007c9   Thumb Code    44  motor.o(.text.CarGo)
    CarGo_PID                                0x080007f9   Thumb Code   144  motor.o(.text.CarGo_PID)
    CircleL                                  0x08000889   Thumb Code    60  motor.o(.text.CircleL)
    CircleR                                  0x080008c9   Thumb Code    60  motor.o(.text.CircleR)
    CircleR1                                 0x08000909   Thumb Code    60  motor.o(.text.CircleR1)
    DebugMon_Handler                         0x08000949   Thumb Code     2  stm32f7xx_it.o(.text.DebugMon_Handler)
    Delay_us                                 0x08000951   Thumb Code    44  tim.o(.text.Delay_us)
    Error_Handler                            0x08000981   Thumb Code     2  main.o(.text.Error_Handler)
    HAL_Delay                                0x08000989   Thumb Code    40  stm32f7xx_hal.o(.text.HAL_Delay)
    HAL_GPIO_Init                            0x080009b1   Thumb Code   406  stm32f7xx_hal_gpio.o(.text.HAL_GPIO_Init)
    HAL_GPIO_ReadPin                         0x08000b49   Thumb Code    10  stm32f7xx_hal_gpio.o(.text.HAL_GPIO_ReadPin)
    HAL_GPIO_TogglePin                       0x08000b59   Thumb Code    16  stm32f7xx_hal_gpio.o(.text.HAL_GPIO_TogglePin)
    HAL_GPIO_WritePin                        0x08000b69   Thumb Code    10  stm32f7xx_hal_gpio.o(.text.HAL_GPIO_WritePin)
    HAL_GetTick                              0x08000b79   Thumb Code    12  stm32f7xx_hal.o(.text.HAL_GetTick)
    HAL_IncTick                              0x08000b89   Thumb Code    26  stm32f7xx_hal.o(.text.HAL_IncTick)
    HAL_Init                                 0x08000ba9   Thumb Code    22  stm32f7xx_hal.o(.text.HAL_Init)
    HAL_InitTick                             0x08000bc1   Thumb Code    80  stm32f7xx_hal.o(.text.HAL_InitTick)
    HAL_MspInit                              0x08000c11   Thumb Code    50  stm32f7xx_hal_msp.o(.text.HAL_MspInit)
    HAL_NVIC_EnableIRQ                       0x08000c49   Thumb Code     8  stm32f7xx_hal_cortex.o(.text.HAL_NVIC_EnableIRQ)
    HAL_NVIC_SetPriority                     0x08000c51   Thumb Code    30  stm32f7xx_hal_cortex.o(.text.HAL_NVIC_SetPriority)
    HAL_NVIC_SetPriorityGrouping             0x08000c71   Thumb Code     8  stm32f7xx_hal_cortex.o(.text.HAL_NVIC_SetPriorityGrouping)
    HAL_PWREx_EnableOverDrive                0x08000c79   Thumb Code   118  stm32f7xx_hal_pwr_ex.o(.text.HAL_PWREx_EnableOverDrive)
    HAL_RCCEx_PeriphCLKConfig                0x08000cf1   Thumb Code  1470  stm32f7xx_hal_rcc_ex.o(.text.HAL_RCCEx_PeriphCLKConfig)
    HAL_RCC_ClockConfig                      0x080012b1   Thumb Code   338  stm32f7xx_hal_rcc.o(.text.HAL_RCC_ClockConfig)
    HAL_RCC_GetHCLKFreq                      0x08001409   Thumb Code    12  stm32f7xx_hal_rcc.o(.text.HAL_RCC_GetHCLKFreq)
    HAL_RCC_GetPCLK1Freq                     0x08001419   Thumb Code    34  stm32f7xx_hal_rcc.o(.text.HAL_RCC_GetPCLK1Freq)
    HAL_RCC_GetPCLK2Freq                     0x08001441   Thumb Code    34  stm32f7xx_hal_rcc.o(.text.HAL_RCC_GetPCLK2Freq)
    HAL_RCC_GetSysClockFreq                  0x08001469   Thumb Code   106  stm32f7xx_hal_rcc.o(.text.HAL_RCC_GetSysClockFreq)
    HAL_RCC_OscConfig                        0x080014d9   Thumb Code   848  stm32f7xx_hal_rcc.o(.text.HAL_RCC_OscConfig)
    HAL_SYSTICK_Config                       0x08001829   Thumb Code     8  stm32f7xx_hal_cortex.o(.text.HAL_SYSTICK_Config)
    HAL_TIMEx_Break2Callback                 0x08001831   Thumb Code     2  stm32f7xx_hal_tim_ex.o(.text.HAL_TIMEx_Break2Callback)
    HAL_TIMEx_BreakCallback                  0x08001839   Thumb Code     2  stm32f7xx_hal_tim_ex.o(.text.HAL_TIMEx_BreakCallback)
    HAL_TIMEx_CommutCallback                 0x08001841   Thumb Code     2  stm32f7xx_hal_tim_ex.o(.text.HAL_TIMEx_CommutCallback)
    HAL_TIMEx_MasterConfigSynchronization    0x08001849   Thumb Code   204  stm32f7xx_hal_tim_ex.o(.text.HAL_TIMEx_MasterConfigSynchronization)
    HAL_TIM_Base_Init                        0x08001919   Thumb Code    96  stm32f7xx_hal_tim.o(.text.HAL_TIM_Base_Init)
    HAL_TIM_Base_MspInit                     0x08001979   Thumb Code   344  tim.o(.text.HAL_TIM_Base_MspInit)
    HAL_TIM_Base_Start                       0x08001ad1   Thumb Code   170  stm32f7xx_hal_tim.o(.text.HAL_TIM_Base_Start)
    HAL_TIM_Base_Start_IT                    0x08001b81   Thumb Code   178  stm32f7xx_hal_tim.o(.text.HAL_TIM_Base_Start_IT)
    HAL_TIM_Base_Stop                        0x08001c39   Thumb Code    42  stm32f7xx_hal_tim.o(.text.HAL_TIM_Base_Stop)
    HAL_TIM_ConfigClockSource                0x08001c69   Thumb Code   210  stm32f7xx_hal_tim.o(.text.HAL_TIM_ConfigClockSource)
    HAL_TIM_IC_CaptureCallback               0x08001d41   Thumb Code   358  tim.o(.text.HAL_TIM_IC_CaptureCallback)
    HAL_TIM_IC_ConfigChannel                 0x08001ea9   Thumb Code   146  stm32f7xx_hal_tim.o(.text.HAL_TIM_IC_ConfigChannel)
    HAL_TIM_IC_Init                          0x08001f41   Thumb Code    96  stm32f7xx_hal_tim.o(.text.HAL_TIM_IC_Init)
    HAL_TIM_IC_MspInit                       0x08001fa1   Thumb Code     2  stm32f7xx_hal_tim.o(.text.HAL_TIM_IC_MspInit)
    HAL_TIM_IC_Start_IT                      0x08001fa9   Thumb Code   392  stm32f7xx_hal_tim.o(.text.HAL_TIM_IC_Start_IT)
    HAL_TIM_IRQHandler                       0x08002141   Thumb Code   392  stm32f7xx_hal_tim.o(.text.HAL_TIM_IRQHandler)
    HAL_TIM_OC_DelayElapsedCallback          0x080022c9   Thumb Code     2  stm32f7xx_hal_tim.o(.text.HAL_TIM_OC_DelayElapsedCallback)
    HAL_TIM_PWM_PulseFinishedCallback        0x080022d1   Thumb Code     2  stm32f7xx_hal_tim.o(.text.HAL_TIM_PWM_PulseFinishedCallback)
    HAL_TIM_PeriodElapsedCallback            0x080022d9   Thumb Code   264  tim.o(.text.HAL_TIM_PeriodElapsedCallback)
    HAL_TIM_ReadCapturedValue                0x080023e1   Thumb Code    52  stm32f7xx_hal_tim.o(.text.HAL_TIM_ReadCapturedValue)
    HAL_TIM_SlaveConfigSynchro               0x08002419   Thumb Code    74  stm32f7xx_hal_tim.o(.text.HAL_TIM_SlaveConfigSynchro)
    HAL_TIM_TriggerCallback                  0x08002469   Thumb Code     2  stm32f7xx_hal_tim.o(.text.HAL_TIM_TriggerCallback)
    HAL_UART_Init                            0x08002471   Thumb Code    94  stm32f7xx_hal_uart.o(.text.HAL_UART_Init)
    HAL_UART_MspInit                         0x080024d1   Thumb Code   172  usart.o(.text.HAL_UART_MspInit)
    HAL_UART_Transmit                        0x08002581   Thumb Code   212  stm32f7xx_hal_uart.o(.text.HAL_UART_Transmit)
    HardFault_Handler                        0x08002659   Thumb Code     2  stm32f7xx_it.o(.text.HardFault_Handler)
    MX_GPIO_Init                             0x08002661   Thumb Code   338  gpio.o(.text.MX_GPIO_Init)
    MX_TIM1_Init                             0x080027b9   Thumb Code   124  tim.o(.text.MX_TIM1_Init)
    MX_TIM2_Init                             0x08002839   Thumb Code   122  tim.o(.text.MX_TIM2_Init)
    MX_TIM5_Init                             0x080028b9   Thumb Code   200  tim.o(.text.MX_TIM5_Init)
    MX_TIM6_Init                             0x08002981   Thumb Code    84  tim.o(.text.MX_TIM6_Init)
    MX_USART1_UART_Init                      0x080029d9   Thumb Code    62  usart.o(.text.MX_USART1_UART_Init)
    MX_USART2_UART_Init                      0x08002a19   Thumb Code    62  usart.o(.text.MX_USART2_UART_Init)
    MemManage_Handler                        0x08002a59   Thumb Code     2  stm32f7xx_it.o(.text.MemManage_Handler)
    Motor_GO                                 0x08002a61   Thumb Code   262  usart.o(.text.Motor_GO)
    Motor_Rotate                             0x08002b69   Thumb Code   314  usart.o(.text.Motor_Rotate)
    NMI_Handler                              0x08002ca9   Thumb Code     2  stm32f7xx_it.o(.text.NMI_Handler)
    PendSV_Handler                           0x08002ce1   Thumb Code     2  stm32f7xx_it.o(.text.PendSV_Handler)
    Position_PID                             0x08002ce9   Thumb Code   100  motor.o(.text.Position_PID)
    SVC_Handler                              0x08002d51   Thumb Code     2  stm32f7xx_it.o(.text.SVC_Handler)
    Sonic_Trig                               0x08002d59   Thumb Code    40  gpio.o(.text.Sonic_Trig)
    Sonic_Trig1                              0x08002d81   Thumb Code    40  gpio.o(.text.Sonic_Trig1)
    Stop                                     0x08002da9   Thumb Code    52  motor.o(.text.Stop)
    SysTick_Handler                          0x08002e11   Thumb Code     8  stm32f7xx_it.o(.text.SysTick_Handler)
    SystemClock_Config                       0x08002e19   Thumb Code   174  main.o(.text.SystemClock_Config)
    SystemInit                               0x08002ec9   Thumb Code    18  system_stm32f7xx.o(.text.SystemInit)
    TCS_Next                                 0x08002ee1   Thumb Code    36  gpio.o(.text.TCS_Next)
    TIM1_UP_TIM10_IRQHandler                 0x08002f09   Thumb Code    16  stm32f7xx_it.o(.text.TIM1_UP_TIM10_IRQHandler)
    TIM5_IRQHandler                          0x08002f19   Thumb Code    16  tim.o(.text.TIM5_IRQHandler)
    TIM_Base_SetConfig                       0x08002f29   Thumb Code   296  stm32f7xx_hal_tim.o(.text.TIM_Base_SetConfig)
    TIM_CCxChannelCmd                        0x08003051   Thumb Code    30  stm32f7xx_hal_tim.o(.text.TIM_CCxChannelCmd)
    TIM_ETR_SetConfig                        0x08003071   Thumb Code    20  stm32f7xx_hal_tim.o(.text.TIM_ETR_SetConfig)
    TIM_TI1_SetConfig                        0x08003151   Thumb Code   168  stm32f7xx_hal_tim.o(.text.TIM_TI1_SetConfig)
    UART2_Send                               0x080032d9   Thumb Code    52  usart.o(.text.UART2_Send)
    UART_AdvFeatureConfig                    0x08003311   Thumb Code   224  stm32f7xx_hal_uart.o(.text.UART_AdvFeatureConfig)
    UART_CheckIdleState                      0x080033f1   Thumb Code   102  stm32f7xx_hal_uart.o(.text.UART_CheckIdleState)
    UART_SetConfig                           0x08003459   Thumb Code   552  stm32f7xx_hal_uart.o(.text.UART_SetConfig)
    UART_WaitOnFlagUntilTimeout              0x080036a1   Thumb Code   176  stm32f7xx_hal_uart.o(.text.UART_WaitOnFlagUntilTimeout)
    UsageFault_Handler                       0x08003751   Thumb Code     2  stm32f7xx_it.o(.text.UsageFault_Handler)
    filter                                   0x080037d1   Thumb Code   126  gpio.o(.text.filter)
    fputc                                    0x08003851   Thumb Code    48  usart.o(.text.fputc)
    main                                     0x08003881   Thumb Code  1480  main.o(.text.main)
    myitoa                                   0x08003ee1   Thumb Code   106  usart.o(.text.myitoa)
    __0printf                                0x08003f4d   Thumb Code    22  printfa.o(i.__0printf)
    __1printf                                0x08003f4d   Thumb Code     0  printfa.o(i.__0printf)
    __2printf                                0x08003f4d   Thumb Code     0  printfa.o(i.__0printf)
    __c89printf                              0x08003f4d   Thumb Code     0  printfa.o(i.__0printf)
    printf                                   0x08003f4d   Thumb Code     0  printfa.o(i.__0printf)
    __scatterload_copy                       0x08003f6d   Thumb Code    14  handlers.o(i.__scatterload_copy)
    __scatterload_null                       0x08003f7b   Thumb Code     2  handlers.o(i.__scatterload_null)
    __scatterload_zeroinit                   0x08003f7d   Thumb Code    14  handlers.o(i.__scatterload_zeroinit)
    puts                                     0x08004841   Thumb Code    30  puts.o(i.puts)
    AHBPrescTable                            0x08004864   Data          16  system_stm32f7xx.o(.rodata.AHBPrescTable)
    APBPrescTable                            0x08004874   Data           8  system_stm32f7xx.o(.rodata.APBPrescTable)
    Region$$Table$$Base                      0x08004880   Number         0  anon$$obj.o(Region$$Table)
    Region$$Table$$Limit                     0x080048a0   Number         0  anon$$obj.o(Region$$Table)
    __stdout                                 0x20000000   Data           4  stdout.o(.data)
    Go_Vel                                   0x20000004   Data           4  motor.o(.data.Go_Vel)
    SystemCoreClock                          0x20000008   Data           4  system_stm32f7xx.o(.data.SystemCoreClock)
    distance_right_initial                   0x2000000c   Data           4  main.o(.data.distance_right_initial)
    uwTickFreq                               0x20000010   Data           1  stm32f7xx_hal.o(.data.uwTickFreq)
    uwTickPrio                               0x20000014   Data           4  stm32f7xx_hal.o(.data.uwTickPrio)
    KEY1                                     0x20000018   Data           4  main.o(.bss.KEY1)
    KEY2                                     0x2000001c   Data           4  main.o(.bss.KEY2)
    KEY3                                     0x20000020   Data           4  main.o(.bss.KEY3)
    KEY4                                     0x20000024   Data           4  main.o(.bss.KEY4)
    KEY5                                     0x20000028   Data           4  main.o(.bss.KEY5)
    PWM                                      0x2000002c   Data           4  main.o(.bss.PWM)
    RGB_Scale                                0x20000038   Data          12  main.o(.bss.RGB_Scale)
    TIM5CH1_CAPTURE_Date1                    0x20000044   Data           4  tim.o(.bss.TIM5CH1_CAPTURE_Date1)
    TIM5CH1_CAPTURE_Date2                    0x20000048   Data           4  tim.o(.bss.TIM5CH1_CAPTURE_Date2)
    TIM5CH1_CAPTURE_STA                      0x2000004c   Data           1  tim.o(.bss.TIM5CH1_CAPTURE_STA)
    TIM5CH2_CAPTURE_Date1                    0x20000050   Data           4  tim.o(.bss.TIM5CH2_CAPTURE_Date1)
    TIM5CH2_CAPTURE_Date2                    0x20000054   Data           4  tim.o(.bss.TIM5CH2_CAPTURE_Date2)
    TIM5CH2_CAPTURE_STA                      0x20000058   Data           1  tim.o(.bss.TIM5CH2_CAPTURE_STA)
    Ultrasonic_us1                           0x2000005a   Data           2  tim.o(.bss.Ultrasonic_us1)
    Ultrasonic_us2                           0x2000005c   Data           2  tim.o(.bss.Ultrasonic_us2)
    a                                        0x20000060   Data           4  main.o(.bss.a)
    cnt                                      0x20000064   Data          12  tim.o(.bss.cnt)
    count                                    0x20000070   Data           4  gpio.o(.bss.count)
    distance_forward                         0x20000074   Data           4  main.o(.bss.distance_forward)
    distance_right                           0x20000078   Data           4  main.o(.bss.distance_right)
    flag                                     0x2000007c   Data           4  gpio.o(.bss.flag)
    htim1                                    0x20000080   Data          76  tim.o(.bss.htim1)
    htim2                                    0x200000cc   Data          76  tim.o(.bss.htim2)
    htim5                                    0x20000118   Data          76  tim.o(.bss.htim5)
    htim6                                    0x20000164   Data          76  tim.o(.bss.htim6)
    huart1                                   0x200001b0   Data         132  usart.o(.bss.huart1)
    huart2                                   0x20000234   Data         132  usart.o(.bss.huart2)
    red_count                                0x200002b8   Data           4  main.o(.bss.red_count)
    rgb                                      0x200002bc   Data           6  main.o(.bss.rgb)
    stop_flag                                0x200002c4   Data           4  main.o(.bss.stop_flag)
    turn_cnt                                 0x200002c8   Data           4  main.o(.bss.turn_cnt)
    turn_dir                                 0x200002cc   Data           4  main.o(.bss.turn_dir)
    turn_flag                                0x200002d0   Data           4  main.o(.bss.turn_flag)
    turn_flag1                               0x200002d4   Data           4  main.o(.bss.turn_flag1)
    uwTick                                   0x200002d8   Data           4  stm32f7xx_hal.o(.bss.uwTick)
    __initial_sp                             0x200006e0   Data           0  startup_stm32f767xx.o(STACK)



==============================================================================

Memory Map of the image

  Image Entry point : 0x080001f9

  Load Region LR_IROM1 (Base: 0x08000000, Size: 0x000048b8, Max: 0x00100000, ABSOLUTE)

    Execution Region ER_IROM1 (Exec base: 0x08000000, Load base: 0x08000000, Size: 0x000048a0, Max: 0x00100000, ABSOLUTE)

    Exec Addr    Load Addr    Size         Type   Attr      Idx    E Section Name        Object

    0x08000000   0x08000000   0x000001f8   Data   RO            3    RESET               startup_stm32f767xx.o
    0x080001f8   0x080001f8   0x00000000   Code   RO         1403  * .ARM.Collect$$$$00000000  mc_w.l(entry.o)
    0x080001f8   0x080001f8   0x00000004   Code   RO         1679    .ARM.Collect$$$$00000001  mc_w.l(entry2.o)
    0x080001fc   0x080001fc   0x00000004   Code   RO         1682    .ARM.Collect$$$$00000004  mc_w.l(entry5.o)
    0x08000200   0x08000200   0x00000000   Code   RO         1684    .ARM.Collect$$$$00000008  mc_w.l(entry7b.o)
    0x08000200   0x08000200   0x00000000   Code   RO         1686    .ARM.Collect$$$$0000000A  mc_w.l(entry8b.o)
    0x08000200   0x08000200   0x00000008   Code   RO         1687    .ARM.Collect$$$$0000000B  mc_w.l(entry9a.o)
    0x08000208   0x08000208   0x00000000   Code   RO         1689    .ARM.Collect$$$$0000000D  mc_w.l(entry10a.o)
    0x08000208   0x08000208   0x00000000   Code   RO         1691    .ARM.Collect$$$$0000000F  mc_w.l(entry11a.o)
    0x08000208   0x08000208   0x00000004   Code   RO         1680    .ARM.Collect$$$$00002712  mc_w.l(entry2.o)
    0x0800020c   0x0800020c   0x00000024   Code   RO            4    .text               startup_stm32f767xx.o
    0x08000230   0x08000230   0x00000062   Code   RO         1410    .text               mc_w.l(uldiv.o)
    0x08000292   0x08000292   0x00000024   Code   RO         1412    .text               mc_w.l(memseta.o)
    0x080002b6   0x080002b6   0x00000018   Code   RO         1414    .text               mc_w.l(strcat.o)
    0x080002ce   0x080002ce   0x0000000e   Code   RO         1416    .text               mc_w.l(strlen.o)
    0x080002dc   0x080002dc   0x0000002c   Code   RO         1703    .text               mc_w.l(uidiv.o)
    0x08000308   0x08000308   0x0000001e   Code   RO         1705    .text               mc_w.l(llshl.o)
    0x08000326   0x08000326   0x00000020   Code   RO         1707    .text               mc_w.l(llushr.o)
    0x08000346   0x08000346   0x00000000   Code   RO         1709    .text               mc_w.l(iusefp.o)
    0x08000346   0x08000346   0x0000014e   Code   RO         1710    .text               mf_w.l(dadd.o)
    0x08000494   0x08000494   0x000000e4   Code   RO         1712    .text               mf_w.l(dmul.o)
    0x08000578   0x08000578   0x000000de   Code   RO         1714    .text               mf_w.l(ddiv.o)
    0x08000656   0x08000656   0x00000030   Code   RO         1716    .text               mf_w.l(dfixul.o)
    0x08000686   0x08000686   0x00000002   PAD
    0x08000688   0x08000688   0x00000030   Code   RO         1718    .text               mf_w.l(cdrcmple.o)
    0x080006b8   0x080006b8   0x00000024   Code   RO         1720    .text               mc_w.l(init.o)
    0x080006dc   0x080006dc   0x00000024   Code   RO         1722    .text               mc_w.l(llsshr.o)
    0x08000700   0x08000700   0x000000ba   Code   RO         1724    .text               mf_w.l(depilogue.o)
    0x080007ba   0x080007ba   0x00000006   PAD
    0x080007c0   0x080007c0   0x00000002   Code   RO          151    .text.BusFault_Handler  stm32f7xx_it.o
    0x080007c2   0x080007c2   0x00000006   PAD
    0x080007c8   0x080007c8   0x0000002c   Code   RO          200    .text.CarGo         motor.o
    0x080007f4   0x080007f4   0x00000004   PAD
    0x080007f8   0x080007f8   0x00000090   Code   RO          206    .text.CarGo_PID     motor.o
    0x08000888   0x08000888   0x0000003c   Code   RO          190    .text.CircleL       motor.o
    0x080008c4   0x080008c4   0x00000004   PAD
    0x080008c8   0x080008c8   0x0000003c   Code   RO          188    .text.CircleR       motor.o
    0x08000904   0x08000904   0x00000004   PAD
    0x08000908   0x08000908   0x0000003c   Code   RO          186    .text.CircleR1      motor.o
    0x08000944   0x08000944   0x00000004   PAD
    0x08000948   0x08000948   0x00000002   Code   RO          157    .text.DebugMon_Handler  stm32f7xx_it.o
    0x0800094a   0x0800094a   0x00000006   PAD
    0x08000950   0x08000950   0x0000002c   Code   RO           90    .text.Delay_us      tim.o
    0x0800097c   0x0800097c   0x00000004   PAD
    0x08000980   0x08000980   0x00000002   Code   RO           15    .text.Error_Handler  main.o
    0x08000982   0x08000982   0x00000006   PAD
    0x08000988   0x08000988   0x00000028   Code   RO          956    .text.HAL_Delay     stm32f7xx_hal.o
    0x080009b0   0x080009b0   0x00000196   Code   RO          782    .text.HAL_GPIO_Init  stm32f7xx_hal_gpio.o
    0x08000b46   0x08000b46   0x00000002   PAD
    0x08000b48   0x08000b48   0x0000000a   Code   RO          786    .text.HAL_GPIO_ReadPin  stm32f7xx_hal_gpio.o
    0x08000b52   0x08000b52   0x00000006   PAD
    0x08000b58   0x08000b58   0x00000010   Code   RO          790    .text.HAL_GPIO_TogglePin  stm32f7xx_hal_gpio.o
    0x08000b68   0x08000b68   0x0000000a   Code   RO          788    .text.HAL_GPIO_WritePin  stm32f7xx_hal_gpio.o
    0x08000b72   0x08000b72   0x00000006   PAD
    0x08000b78   0x08000b78   0x0000000c   Code   RO          948    .text.HAL_GetTick   stm32f7xx_hal.o
    0x08000b84   0x08000b84   0x00000004   PAD
    0x08000b88   0x08000b88   0x0000001a   Code   RO          946    .text.HAL_IncTick   stm32f7xx_hal.o
    0x08000ba2   0x08000ba2   0x00000006   PAD
    0x08000ba8   0x08000ba8   0x00000016   Code   RO          936    .text.HAL_Init      stm32f7xx_hal.o
    0x08000bbe   0x08000bbe   0x00000002   PAD
    0x08000bc0   0x08000bc0   0x00000050   Code   RO          938    .text.HAL_InitTick  stm32f7xx_hal.o
    0x08000c10   0x08000c10   0x00000032   Code   RO          172    .text.HAL_MspInit   stm32f7xx_hal_msp.o
    0x08000c42   0x08000c42   0x00000006   PAD
    0x08000c48   0x08000c48   0x00000008   Code   RO          231    .text.HAL_NVIC_EnableIRQ  stm32f7xx_hal_cortex.o
    0x08000c50   0x08000c50   0x0000001e   Code   RO          223    .text.HAL_NVIC_SetPriority  stm32f7xx_hal_cortex.o
    0x08000c6e   0x08000c6e   0x00000002   PAD
    0x08000c70   0x08000c70   0x00000008   Code   RO          219    .text.HAL_NVIC_SetPriorityGrouping  stm32f7xx_hal_cortex.o
    0x08000c78   0x08000c78   0x00000076   Code   RO          918    .text.HAL_PWREx_EnableOverDrive  stm32f7xx_hal_pwr_ex.o
    0x08000cee   0x08000cee   0x00000002   PAD
    0x08000cf0   0x08000cf0   0x000005be   Code   RO          675    .text.HAL_RCCEx_PeriphCLKConfig  stm32f7xx_hal_rcc_ex.o
    0x080012ae   0x080012ae   0x00000002   PAD
    0x080012b0   0x080012b0   0x00000152   Code   RO          643    .text.HAL_RCC_ClockConfig  stm32f7xx_hal_rcc.o
    0x08001402   0x08001402   0x00000006   PAD
    0x08001408   0x08001408   0x0000000c   Code   RO          653    .text.HAL_RCC_GetHCLKFreq  stm32f7xx_hal_rcc.o
    0x08001414   0x08001414   0x00000004   PAD
    0x08001418   0x08001418   0x00000022   Code   RO          655    .text.HAL_RCC_GetPCLK1Freq  stm32f7xx_hal_rcc.o
    0x0800143a   0x0800143a   0x00000006   PAD
    0x08001440   0x08001440   0x00000022   Code   RO          657    .text.HAL_RCC_GetPCLK2Freq  stm32f7xx_hal_rcc.o
    0x08001462   0x08001462   0x00000006   PAD
    0x08001468   0x08001468   0x0000006a   Code   RO          645    .text.HAL_RCC_GetSysClockFreq  stm32f7xx_hal_rcc.o
    0x080014d2   0x080014d2   0x00000006   PAD
    0x080014d8   0x080014d8   0x00000350   Code   RO          641    .text.HAL_RCC_OscConfig  stm32f7xx_hal_rcc.o
    0x08001828   0x08001828   0x00000008   Code   RO          243    .text.HAL_SYSTICK_Config  stm32f7xx_hal_cortex.o
    0x08001830   0x08001830   0x00000002   Code   RO          625    .text.HAL_TIMEx_Break2Callback  stm32f7xx_hal_tim_ex.o
    0x08001832   0x08001832   0x00000006   PAD
    0x08001838   0x08001838   0x00000002   Code   RO          623    .text.HAL_TIMEx_BreakCallback  stm32f7xx_hal_tim_ex.o
    0x0800183a   0x0800183a   0x00000006   PAD
    0x08001840   0x08001840   0x00000002   Code   RO          619    .text.HAL_TIMEx_CommutCallback  stm32f7xx_hal_tim_ex.o
    0x08001842   0x08001842   0x00000006   PAD
    0x08001848   0x08001848   0x000000cc   Code   RO          609    .text.HAL_TIMEx_MasterConfigSynchronization  stm32f7xx_hal_tim_ex.o
    0x08001914   0x08001914   0x00000004   PAD
    0x08001918   0x08001918   0x00000060   Code   RO          291    .text.HAL_TIM_Base_Init  stm32f7xx_hal_tim.o
    0x08001978   0x08001978   0x00000158   Code   RO           78    .text.HAL_TIM_Base_MspInit  tim.o
    0x08001ad0   0x08001ad0   0x000000aa   Code   RO          301    .text.HAL_TIM_Base_Start  stm32f7xx_hal_tim.o
    0x08001b7a   0x08001b7a   0x00000006   PAD
    0x08001b80   0x08001b80   0x000000b2   Code   RO          305    .text.HAL_TIM_Base_Start_IT  stm32f7xx_hal_tim.o
    0x08001c32   0x08001c32   0x00000006   PAD
    0x08001c38   0x08001c38   0x0000002a   Code   RO          303    .text.HAL_TIM_Base_Stop  stm32f7xx_hal_tim.o
    0x08001c62   0x08001c62   0x00000006   PAD
    0x08001c68   0x08001c68   0x000000d2   Code   RO          487    .text.HAL_TIM_ConfigClockSource  stm32f7xx_hal_tim.o
    0x08001d3a   0x08001d3a   0x00000006   PAD
    0x08001d40   0x08001d40   0x00000166   Code   RO           88    .text.HAL_TIM_IC_CaptureCallback  tim.o
    0x08001ea6   0x08001ea6   0x00000002   PAD
    0x08001ea8   0x08001ea8   0x00000092   Code   RO          451    .text.HAL_TIM_IC_ConfigChannel  stm32f7xx_hal_tim.o
    0x08001f3a   0x08001f3a   0x00000006   PAD
    0x08001f40   0x08001f40   0x00000060   Code   RO          365    .text.HAL_TIM_IC_Init  stm32f7xx_hal_tim.o
    0x08001fa0   0x08001fa0   0x00000002   Code   RO          367    .text.HAL_TIM_IC_MspInit  stm32f7xx_hal_tim.o
    0x08001fa2   0x08001fa2   0x00000006   PAD
    0x08001fa8   0x08001fa8   0x00000198   Code   RO          377    .text.HAL_TIM_IC_Start_IT  stm32f7xx_hal_tim.o
    0x08002140   0x08002140   0x00000188   Code   RO          425    .text.HAL_TIM_IRQHandler  stm32f7xx_hal_tim.o
    0x080022c8   0x080022c8   0x00000002   Code   RO          429    .text.HAL_TIM_OC_DelayElapsedCallback  stm32f7xx_hal_tim.o
    0x080022ca   0x080022ca   0x00000006   PAD
    0x080022d0   0x080022d0   0x00000002   Code   RO          431    .text.HAL_TIM_PWM_PulseFinishedCallback  stm32f7xx_hal_tim.o
    0x080022d2   0x080022d2   0x00000006   PAD
    0x080022d8   0x080022d8   0x00000108   Code   RO           86    .text.HAL_TIM_PeriodElapsedCallback  tim.o
    0x080023e0   0x080023e0   0x00000034   Code   RO          503    .text.HAL_TIM_ReadCapturedValue  stm32f7xx_hal_tim.o
    0x08002414   0x08002414   0x00000004   PAD
    0x08002418   0x08002418   0x0000004a   Code   RO          497    .text.HAL_TIM_SlaveConfigSynchro  stm32f7xx_hal_tim.o
    0x08002462   0x08002462   0x00000006   PAD
    0x08002468   0x08002468   0x00000002   Code   RO          435    .text.HAL_TIM_TriggerCallback  stm32f7xx_hal_tim.o
    0x0800246a   0x0800246a   0x00000006   PAD
    0x08002470   0x08002470   0x0000005e   Code   RO         1217    .text.HAL_UART_Init  stm32f7xx_hal_uart.o
    0x080024ce   0x080024ce   0x00000002   PAD
    0x080024d0   0x080024d0   0x000000ac   Code   RO          122    .text.HAL_UART_MspInit  usart.o
    0x0800257c   0x0800257c   0x00000004   PAD
    0x08002580   0x08002580   0x000000d4   Code   RO         1237    .text.HAL_UART_Transmit  stm32f7xx_hal_uart.o
    0x08002654   0x08002654   0x00000004   PAD
    0x08002658   0x08002658   0x00000002   Code   RO          147    .text.HardFault_Handler  stm32f7xx_it.o
    0x0800265a   0x0800265a   0x00000006   PAD
    0x08002660   0x08002660   0x00000152   Code   RO           52    .text.MX_GPIO_Init  gpio.o
    0x080027b2   0x080027b2   0x00000006   PAD
    0x080027b8   0x080027b8   0x0000007c   Code   RO           70    .text.MX_TIM1_Init  tim.o
    0x08002834   0x08002834   0x00000004   PAD
    0x08002838   0x08002838   0x0000007a   Code   RO           72    .text.MX_TIM2_Init  tim.o
    0x080028b2   0x080028b2   0x00000006   PAD
    0x080028b8   0x080028b8   0x000000c8   Code   RO           74    .text.MX_TIM5_Init  tim.o
    0x08002980   0x08002980   0x00000054   Code   RO           76    .text.MX_TIM6_Init  tim.o
    0x080029d4   0x080029d4   0x00000004   PAD
    0x080029d8   0x080029d8   0x0000003e   Code   RO          118    .text.MX_USART1_UART_Init  usart.o
    0x08002a16   0x08002a16   0x00000002   PAD
    0x08002a18   0x08002a18   0x0000003e   Code   RO          120    .text.MX_USART2_UART_Init  usart.o
    0x08002a56   0x08002a56   0x00000002   PAD
    0x08002a58   0x08002a58   0x00000002   Code   RO          149    .text.MemManage_Handler  stm32f7xx_it.o
    0x08002a5a   0x08002a5a   0x00000006   PAD
    0x08002a60   0x08002a60   0x00000106   Code   RO          132    .text.Motor_GO      usart.o
    0x08002b66   0x08002b66   0x00000002   PAD
    0x08002b68   0x08002b68   0x0000013a   Code   RO          126    .text.Motor_Rotate  usart.o
    0x08002ca2   0x08002ca2   0x00000006   PAD
    0x08002ca8   0x08002ca8   0x00000002   Code   RO          145    .text.NMI_Handler   stm32f7xx_it.o
    0x08002caa   0x08002caa   0x00000006   PAD
    0x08002cb0   0x08002cb0   0x0000002e   Code   RO          229    .text.NVIC_EncodePriority  stm32f7xx_hal_cortex.o
    0x08002cde   0x08002cde   0x00000002   PAD
    0x08002ce0   0x08002ce0   0x00000002   Code   RO          159    .text.PendSV_Handler  stm32f7xx_it.o
    0x08002ce2   0x08002ce2   0x00000006   PAD
    0x08002ce8   0x08002ce8   0x00000064   Code   RO          204    .text.Position_PID  motor.o
    0x08002d4c   0x08002d4c   0x00000004   PAD
    0x08002d50   0x08002d50   0x00000002   Code   RO          155    .text.SVC_Handler   stm32f7xx_it.o
    0x08002d52   0x08002d52   0x00000006   PAD
    0x08002d58   0x08002d58   0x00000028   Code   RO           54    .text.Sonic_Trig    gpio.o
    0x08002d80   0x08002d80   0x00000028   Code   RO           56    .text.Sonic_Trig1   gpio.o
    0x08002da8   0x08002da8   0x00000034   Code   RO          202    .text.Stop          motor.o
    0x08002ddc   0x08002ddc   0x00000004   PAD
    0x08002de0   0x08002de0   0x0000002e   Code   RO          245    .text.SysTick_Config  stm32f7xx_hal_cortex.o
    0x08002e0e   0x08002e0e   0x00000002   PAD
    0x08002e10   0x08002e10   0x00000008   Code   RO          161    .text.SysTick_Handler  stm32f7xx_it.o
    0x08002e18   0x08002e18   0x000000ae   Code   RO           13    .text.SystemClock_Config  main.o
    0x08002ec6   0x08002ec6   0x00000002   PAD
    0x08002ec8   0x08002ec8   0x00000012   Code   RO         1389    .text.SystemInit    system_stm32f7xx.o
    0x08002eda   0x08002eda   0x00000006   PAD
    0x08002ee0   0x08002ee0   0x00000024   Code   RO           50    .text.TCS_Next      gpio.o
    0x08002f04   0x08002f04   0x00000004   PAD
    0x08002f08   0x08002f08   0x00000010   Code   RO          163    .text.TIM1_UP_TIM10_IRQHandler  stm32f7xx_it.o
    0x08002f18   0x08002f18   0x00000010   Code   RO           82    .text.TIM5_IRQHandler  tim.o
    0x08002f28   0x08002f28   0x00000128   Code   RO          295    .text.TIM_Base_SetConfig  stm32f7xx_hal_tim.o
    0x08003050   0x08003050   0x0000001e   Code   RO          329    .text.TIM_CCxChannelCmd  stm32f7xx_hal_tim.o
    0x0800306e   0x0800306e   0x00000002   PAD
    0x08003070   0x08003070   0x00000014   Code   RO          485    .text.TIM_ETR_SetConfig  stm32f7xx_hal_tim.o
    0x08003084   0x08003084   0x00000004   PAD
    0x08003088   0x08003088   0x00000010   Code   RO          491    .text.TIM_ITRx_SetConfig  stm32f7xx_hal_tim.o
    0x08003098   0x08003098   0x0000008c   Code   RO          499    .text.TIM_SlaveTimer_SetConfig  stm32f7xx_hal_tim.o
    0x08003124   0x08003124   0x00000004   PAD
    0x08003128   0x08003128   0x00000022   Code   RO          489    .text.TIM_TI1_ConfigInputStage  stm32f7xx_hal_tim.o
    0x0800314a   0x0800314a   0x00000006   PAD
    0x08003150   0x08003150   0x000000a8   Code   RO          453    .text.TIM_TI1_SetConfig  stm32f7xx_hal_tim.o
    0x080031f8   0x080031f8   0x00000024   Code   RO          493    .text.TIM_TI2_ConfigInputStage  stm32f7xx_hal_tim.o
    0x0800321c   0x0800321c   0x00000004   PAD
    0x08003220   0x08003220   0x0000003a   Code   RO          455    .text.TIM_TI2_SetConfig  stm32f7xx_hal_tim.o
    0x0800325a   0x0800325a   0x00000006   PAD
    0x08003260   0x08003260   0x00000034   Code   RO          457    .text.TIM_TI3_SetConfig  stm32f7xx_hal_tim.o
    0x08003294   0x08003294   0x00000004   PAD
    0x08003298   0x08003298   0x0000003a   Code   RO          459    .text.TIM_TI4_SetConfig  stm32f7xx_hal_tim.o
    0x080032d2   0x080032d2   0x00000006   PAD
    0x080032d8   0x080032d8   0x00000034   Code   RO          114    .text.UART2_Send    usart.o
    0x0800330c   0x0800330c   0x00000004   PAD
    0x08003310   0x08003310   0x000000e0   Code   RO         1223    .text.UART_AdvFeatureConfig  stm32f7xx_hal_uart.o
    0x080033f0   0x080033f0   0x00000066   Code   RO         1225    .text.UART_CheckIdleState  stm32f7xx_hal_uart.o
    0x08003456   0x08003456   0x00000002   PAD
    0x08003458   0x08003458   0x00000248   Code   RO         1221    .text.UART_SetConfig  stm32f7xx_hal_uart.o
    0x080036a0   0x080036a0   0x000000b0   Code   RO         1239    .text.UART_WaitOnFlagUntilTimeout  stm32f7xx_hal_uart.o
    0x08003750   0x08003750   0x00000002   Code   RO          153    .text.UsageFault_Handler  stm32f7xx_it.o
    0x08003752   0x08003752   0x00000006   PAD
    0x08003758   0x08003758   0x00000020   Code   RO          233    .text.__NVIC_EnableIRQ  stm32f7xx_hal_cortex.o
    0x08003778   0x08003778   0x00000010   Code   RO          225    .text.__NVIC_GetPriorityGrouping  stm32f7xx_hal_cortex.o
    0x08003788   0x08003788   0x00000022   Code   RO          227    .text.__NVIC_SetPriority  stm32f7xx_hal_cortex.o
    0x080037aa   0x080037aa   0x00000006   PAD
    0x080037b0   0x080037b0   0x00000020   Code   RO          221    .text.__NVIC_SetPriorityGrouping  stm32f7xx_hal_cortex.o
    0x080037d0   0x080037d0   0x0000007e   Code   RO           48    .text.filter        gpio.o
    0x0800384e   0x0800384e   0x00000002   PAD
    0x08003850   0x08003850   0x00000030   Code   RO          116    .text.fputc         usart.o
    0x08003880   0x08003880   0x00000660   Code   RO           11    .text.main          main.o
    0x08003ee0   0x08003ee0   0x0000006a   Code   RO          128    .text.myitoa        usart.o
    0x08003f4a   0x08003f4a   0x00000002   PAD
    0x08003f4c   0x08003f4c   0x00000020   Code   RO         1651    i.__0printf         mc_w.l(printfa.o)
    0x08003f6c   0x08003f6c   0x0000000e   Code   RO         1728    i.__scatterload_copy  mc_w.l(handlers.o)
    0x08003f7a   0x08003f7a   0x00000002   Code   RO         1729    i.__scatterload_null  mc_w.l(handlers.o)
    0x08003f7c   0x08003f7c   0x0000000e   Code   RO         1730    i.__scatterload_zeroinit  mc_w.l(handlers.o)
    0x08003f8a   0x08003f8a   0x00000002   PAD
    0x08003f8c   0x08003f8c   0x00000184   Code   RO         1658    i._fp_digits        mc_w.l(printfa.o)
    0x08004110   0x08004110   0x000006dc   Code   RO         1659    i._printf_core      mc_w.l(printfa.o)
    0x080047ec   0x080047ec   0x00000024   Code   RO         1660    i._printf_post_padding  mc_w.l(printfa.o)
    0x08004810   0x08004810   0x0000002e   Code   RO         1661    i._printf_pre_padding  mc_w.l(printfa.o)
    0x0800483e   0x0800483e   0x00000002   PAD
    0x08004840   0x08004840   0x00000024   Code   RO         1406    i.puts              mc_w.l(puts.o)
    0x08004864   0x08004864   0x00000010   Data   RO         1394    .rodata.AHBPrescTable  system_stm32f7xx.o
    0x08004874   0x08004874   0x00000008   Data   RO         1395    .rodata.APBPrescTable  system_stm32f7xx.o
    0x0800487c   0x0800487c   0x00000003   Data   RO          136    .rodata.str1.1      usart.o
    0x0800487f   0x0800487f   0x00000001   PAD
    0x08004880   0x08004880   0x00000020   Data   RO         1727    Region$$Table       anon$$obj.o


    Execution Region RW_IRAM1 (Exec base: 0x20000000, Load base: 0x080048a0, Size: 0x000006e0, Max: 0x00080000, ABSOLUTE)

    Exec Addr    Load Addr    Size         Type   Attr      Idx    E Section Name        Object

    0x20000000   0x080048a0   0x00000004   Data   RW         1693    .data               mc_w.l(stdout.o)
    0x20000004   0x080048a4   0x00000004   Data   RW          208    .data.Go_Vel        motor.o
    0x20000008   0x080048a8   0x00000004   Data   RW         1393    .data.SystemCoreClock  system_stm32f7xx.o
    0x2000000c   0x080048ac   0x00000004   Data   RW           19    .data.distance_right_initial  main.o
    0x20000010   0x080048b0   0x00000001   Data   RW          999    .data.uwTickFreq    stm32f7xx_hal.o
    0x20000011   0x080048b1   0x00000003   PAD
    0x20000014   0x080048b4   0x00000004   Data   RW          998    .data.uwTickPrio    stm32f7xx_hal.o
    0x20000018        -       0x00000004   Zero   RW           32    .bss.KEY1           main.o
    0x2000001c        -       0x00000004   Zero   RW           33    .bss.KEY2           main.o
    0x20000020        -       0x00000004   Zero   RW           34    .bss.KEY3           main.o
    0x20000024        -       0x00000004   Zero   RW           35    .bss.KEY4           main.o
    0x20000028        -       0x00000004   Zero   RW           36    .bss.KEY5           main.o
    0x2000002c        -       0x00000004   Zero   RW           26    .bss.PWM            main.o
    0x20000030        -       0x00000004   Zero   RW          209    .bss.Position_PID.Integral_bias  motor.o
    0x20000034        -       0x00000004   Zero   RW          210    .bss.Position_PID.Last_Bias  motor.o
    0x20000038        -       0x0000000c   Zero   RW           30    .bss.RGB_Scale      main.o
    0x20000044        -       0x00000004   Zero   RW          103    .bss.TIM5CH1_CAPTURE_Date1  tim.o
    0x20000048        -       0x00000004   Zero   RW           99    .bss.TIM5CH1_CAPTURE_Date2  tim.o
    0x2000004c        -       0x00000001   Zero   RW           96    .bss.TIM5CH1_CAPTURE_STA  tim.o
    0x2000004d   0x080048b8   0x00000003   PAD
    0x20000050        -       0x00000004   Zero   RW          104    .bss.TIM5CH2_CAPTURE_Date1  tim.o
    0x20000054        -       0x00000004   Zero   RW          100    .bss.TIM5CH2_CAPTURE_Date2  tim.o
    0x20000058        -       0x00000001   Zero   RW           97    .bss.TIM5CH2_CAPTURE_STA  tim.o
    0x20000059   0x080048b8   0x00000001   PAD
    0x2000005a        -       0x00000002   Zero   RW          101    .bss.Ultrasonic_us1  tim.o
    0x2000005c        -       0x00000002   Zero   RW          102    .bss.Ultrasonic_us2  tim.o
    0x2000005e   0x080048b8   0x00000002   PAD
    0x20000060        -       0x00000004   Zero   RW           29    .bss.a              main.o
    0x20000064        -       0x0000000c   Zero   RW           98    .bss.cnt            tim.o
    0x20000070        -       0x00000004   Zero   RW           61    .bss.count          gpio.o
    0x20000074        -       0x00000004   Zero   RW           17    .bss.distance_forward  main.o
    0x20000078        -       0x00000004   Zero   RW           18    .bss.distance_right  main.o
    0x2000007c        -       0x00000004   Zero   RW           60    .bss.flag           gpio.o
    0x20000080        -       0x0000004c   Zero   RW           92    .bss.htim1          tim.o
    0x200000cc        -       0x0000004c   Zero   RW           93    .bss.htim2          tim.o
    0x20000118        -       0x0000004c   Zero   RW           94    .bss.htim5          tim.o
    0x20000164        -       0x0000004c   Zero   RW           95    .bss.htim6          tim.o
    0x200001b0        -       0x00000084   Zero   RW          135    .bss.huart1         usart.o
    0x20000234        -       0x00000084   Zero   RW          134    .bss.huart2         usart.o
    0x200002b8        -       0x00000004   Zero   RW           27    .bss.red_count      main.o
    0x200002bc        -       0x00000006   Zero   RW           31    .bss.rgb            main.o
    0x200002c2   0x080048b8   0x00000002   PAD
    0x200002c4        -       0x00000004   Zero   RW           28    .bss.stop_flag      main.o
    0x200002c8        -       0x00000004   Zero   RW           25    .bss.turn_cnt       main.o
    0x200002cc        -       0x00000004   Zero   RW           24    .bss.turn_dir       main.o
    0x200002d0        -       0x00000004   Zero   RW           22    .bss.turn_flag      main.o
    0x200002d4        -       0x00000004   Zero   RW           23    .bss.turn_flag1     main.o
    0x200002d8        -       0x00000004   Zero   RW         1000    .bss.uwTick         stm32f7xx_hal.o
    0x200002dc   0x080048b8   0x00000004   PAD
    0x200002e0        -       0x00000400   Zero   RW            1    STACK               startup_stm32f767xx.o


==============================================================================

Image component sizes


      Code (inc. data)   RO Data    RW Data    ZI Data      Debug   Object Name

       580          0          0          0          8       3950   gpio.o
      1808        184          0          4         78       5936   main.o
       520         12          0          4          8       2126   motor.o
        36          8        504          0       1024        836   startup_stm32f767xx.o
       180          0          0          5          4       8308   stm32f7xx_hal.o
       260          0          0          0          0      11961   stm32f7xx_hal_cortex.o
       442          0          0          0          0       5318   stm32f7xx_hal_gpio.o
        50          0          0          0          0       1521   stm32f7xx_hal_msp.o
       118          0          0          0          0       5734   stm32f7xx_hal_pwr_ex.o
      1372          0          0          0          0       7806   stm32f7xx_hal_rcc.o
      1470          0          0          0          0       7439   stm32f7xx_hal_rcc_ex.o
      2780         32          0          0          0      47378   stm32f7xx_hal_tim.o
       210          0          0          0          0      20456   stm32f7xx_hal_tim_ex.o
      1392         52          0          0          0      23670   stm32f7xx_hal_uart.o
        40          0          0          0          0       1131   stm32f7xx_it.o
        18          0         24          4          0       3350   system_stm32f7xx.o
      1556          4          0          0        338      11398   tim.o
      1078          0          3          0        264       8420   usart.o

    ----------------------------------------------------------------------
     14256        296        564         20       1736     176738   Object Totals
         0          0         32          0          0          0   (incl. Generated)
       346          4          1          3         12          0   (incl. Padding)

    ----------------------------------------------------------------------

      Code (inc. data)   RO Data    RW Data    ZI Data      Debug   Library Member Name

         0          0          0          0          0          0   entry.o
         0          0          0          0          0          0   entry10a.o
         0          0          0          0          0          0   entry11a.o
         8          4          0          0          0          0   entry2.o
         4          0          0          0          0          0   entry5.o
         0          0          0          0          0          0   entry7b.o
         0          0          0          0          0          0   entry8b.o
         8          4          0          0          0          0   entry9a.o
        30          0          0          0          0          0   handlers.o
        36          8          0          0          0         68   init.o
         0          0          0          0          0          0   iusefp.o
        30          0          0          0          0         68   llshl.o
        36          0          0          0          0         68   llsshr.o
        32          0          0          0          0         68   llushr.o
        36          0          0          0          0        108   memseta.o
      2258         90          0          0          0        452   printfa.o
        36          6          0          0          0         80   puts.o
         0          0          0          4          0          0   stdout.o
        24          0          0          0          0         68   strcat.o
        14          0          0          0          0         68   strlen.o
        44          0          0          0          0         80   uidiv.o
        98          0          0          0          0         92   uldiv.o
        48          0          0          0          0         68   cdrcmple.o
       334          0          0          0          0        148   dadd.o
       222          0          0          0          0        100   ddiv.o
       186          0          0          0          0        176   depilogue.o
        48          0          0          0          0         68   dfixul.o
       228          0          0          0          0         96   dmul.o

    ----------------------------------------------------------------------
      3772        112          0          4          0       1876   Library Totals
        12          0          0          0          0          0   (incl. Padding)

    ----------------------------------------------------------------------

      Code (inc. data)   RO Data    RW Data    ZI Data      Debug   Library Name

      2694        112          0          4          0       1220   mc_w.l
      1066          0          0          0          0        656   mf_w.l

    ----------------------------------------------------------------------
      3772        112          0          4          0       1876   Library Totals

    ----------------------------------------------------------------------

==============================================================================


      Code (inc. data)   RO Data    RW Data    ZI Data      Debug   

     18028        408        564         24       1736     177626   Grand Totals
     18028        408        564         24       1736     177626   ELF Image Totals
     18028        408        564         24          0          0   ROM Totals

==============================================================================

    Total RO  Size (Code + RO Data)                18592 (  18.16kB)
    Total RW  Size (RW Data + ZI Data)              1760 (   1.72kB)
    Total ROM Size (Code + RO Data + RW Data)      18616 (  18.18kB)

==============================================================================

